src/components/forms/hsn-master-form.tsx(38,5): error TS2322: Type 'Resolver<{ name: string; hsnCode: string; gstPercentage: unknown; }, any, { name: string; hsnCode: string; gstPercentage: number; }>' is not assignable to type 'Resolver<HSNMasterFormValues, any, HSNMasterFormValues>'.
  Types of parameters 'options' and 'options' are incompatible.
    Type 'ResolverOptions<HSNMasterFormValues>' is not assignable to type 'ResolverOptions<{ name: string; hsnCode: string; gstPercentage: unknown; }>'.
      Type '{ name: string; hsnCode: string; gstPercentage: unknown; }' is not assignable to type 'HSNMasterFormValues'.
        Type '{ name: string; hsnCode: string; gstPercentage: unknown; }' is not assignable to type '{ gstPercentage: string | number; }'.
          Types of property 'gstPercentage' are incompatible.
            Type 'unknown' is not assignable to type 'string | number'.
src/components/forms/hsn-master-form.tsx(95,41): error TS2345: Argument of type '(data: HSNMasterFormValues) => Promise<void>' is not assignable to parameter of type 'SubmitHandler<TFieldValues>'.
  Types of parameters 'data' and 'data' are incompatible.
    Type 'TFieldValues' is not assignable to type 'HSNMasterFormValues'.
      Type 'FieldValues' is not assignable to type 'HSNMasterFormValues'.
        Type 'FieldValues' is missing the following properties from type 'Omit<{ name: string; hsnCode: string; gstPercentage: number; }, "gstPercentage">': name, hsnCode
          Type 'TFieldValues' is not assignable to type 'Omit<{ name: string; hsnCode: string; gstPercentage: number; }, "gstPercentage">'.
            Type 'FieldValues' is missing the following properties from type 'Omit<{ name: string; hsnCode: string; gstPercentage: number; }, "gstPercentage">': name, hsnCode
src/components/forms/hsn-master-form.tsx(98,11): error TS2322: Type 'Control<HSNMasterFormValues, any, TFieldValues>' is not assignable to type 'Control<HSNMasterFormValues, any, HSNMasterFormValues>'.
  The types of '_options.resolver' are incompatible between these types.
    Type 'Resolver<HSNMasterFormValues, any, TFieldValues> | undefined' is not assignable to type 'Resolver<HSNMasterFormValues, any, HSNMasterFormValues> | undefined'.
      Type 'Resolver<HSNMasterFormValues, any, TFieldValues>' is not assignable to type 'Resolver<HSNMasterFormValues, any, HSNMasterFormValues>'.
        Type 'ResolverResult<HSNMasterFormValues, TFieldValues> | Promise<ResolverResult<HSNMasterFormValues, TFieldValues>>' is not assignable to type 'ResolverResult<HSNMasterFormValues, HSNMasterFormValues> | Promise<ResolverResult<HSNMasterFormValues, HSNMasterFormValues>>'.
          Type 'ResolverSuccess<TFieldValues>' is not assignable to type 'ResolverResult<HSNMasterFormValues, HSNMasterFormValues> | Promise<ResolverResult<HSNMasterFormValues, HSNMasterFormValues>>'.
            Type 'ResolverSuccess<TFieldValues>' is not assignable to type 'ResolverSuccess<HSNMasterFormValues>'.
              Type 'TFieldValues' is not assignable to type 'HSNMasterFormValues'.
                Type 'FieldValues' is not assignable to type 'HSNMasterFormValues'.
                  Type 'FieldValues' is missing the following properties from type 'Omit<{ name: string; hsnCode: string; gstPercentage: number; }, "gstPercentage">': name, hsnCode
                    Type 'TFieldValues' is not assignable to type 'Omit<{ name: string; hsnCode: string; gstPercentage: number; }, "gstPercentage">'.
                      Type 'FieldValues' is missing the following properties from type 'Omit<{ name: string; hsnCode: string; gstPercentage: number; }, "gstPercentage">': name, hsnCode
src/components/forms/hsn-master-form.tsx(118,13): error TS2322: Type 'Control<HSNMasterFormValues, any, TFieldValues>' is not assignable to type 'Control<HSNMasterFormValues, any, HSNMasterFormValues>'.
  The types of '_options.resolver' are incompatible between these types.
    Type 'Resolver<HSNMasterFormValues, any, TFieldValues> | undefined' is not assignable to type 'Resolver<HSNMasterFormValues, any, HSNMasterFormValues> | undefined'.
      Type 'Resolver<HSNMasterFormValues, any, TFieldValues>' is not assignable to type 'Resolver<HSNMasterFormValues, any, HSNMasterFormValues>'.
        Type 'ResolverResult<HSNMasterFormValues, TFieldValues> | Promise<ResolverResult<HSNMasterFormValues, TFieldValues>>' is not assignable to type 'ResolverResult<HSNMasterFormValues, HSNMasterFormValues> | Promise<ResolverResult<HSNMasterFormValues, HSNMasterFormValues>>'.
          Type 'ResolverSuccess<TFieldValues>' is not assignable to type 'ResolverResult<HSNMasterFormValues, HSNMasterFormValues> | Promise<ResolverResult<HSNMasterFormValues, HSNMasterFormValues>>'.
            Type 'ResolverSuccess<TFieldValues>' is not assignable to type 'ResolverSuccess<HSNMasterFormValues>'.
              Type 'TFieldValues' is not assignable to type 'HSNMasterFormValues'.
                Type 'FieldValues' is not assignable to type 'HSNMasterFormValues'.
                  Type 'FieldValues' is missing the following properties from type 'Omit<{ name: string; hsnCode: string; gstPercentage: number; }, "gstPercentage">': name, hsnCode
                    Type 'TFieldValues' is not assignable to type 'Omit<{ name: string; hsnCode: string; gstPercentage: number; }, "gstPercentage">'.
                      Type 'FieldValues' is missing the following properties from type 'Omit<{ name: string; hsnCode: string; gstPercentage: number; }, "gstPercentage">': name, hsnCode
src/components/forms/hsn-master-form.tsx(136,13): error TS2322: Type 'Control<HSNMasterFormValues, any, TFieldValues>' is not assignable to type 'Control<HSNMasterFormValues, any, HSNMasterFormValues>'.
  The types of '_options.resolver' are incompatible between these types.
    Type 'Resolver<HSNMasterFormValues, any, TFieldValues> | undefined' is not assignable to type 'Resolver<HSNMasterFormValues, any, HSNMasterFormValues> | undefined'.
      Type 'Resolver<HSNMasterFormValues, any, TFieldValues>' is not assignable to type 'Resolver<HSNMasterFormValues, any, HSNMasterFormValues>'.
        Type 'ResolverResult<HSNMasterFormValues, TFieldValues> | Promise<ResolverResult<HSNMasterFormValues, TFieldValues>>' is not assignable to type 'ResolverResult<HSNMasterFormValues, HSNMasterFormValues> | Promise<ResolverResult<HSNMasterFormValues, HSNMasterFormValues>>'.
          Type 'ResolverSuccess<TFieldValues>' is not assignable to type 'ResolverResult<HSNMasterFormValues, HSNMasterFormValues> | Promise<ResolverResult<HSNMasterFormValues, HSNMasterFormValues>>'.
            Type 'ResolverSuccess<TFieldValues>' is not assignable to type 'ResolverSuccess<HSNMasterFormValues>'.
              Type 'TFieldValues' is not assignable to type 'HSNMasterFormValues'.
                Type 'FieldValues' is not assignable to type 'HSNMasterFormValues'.
                  Type 'FieldValues' is missing the following properties from type 'Omit<{ name: string; hsnCode: string; gstPercentage: number; }, "gstPercentage">': name, hsnCode
                    Type 'TFieldValues' is not assignable to type 'Omit<{ name: string; hsnCode: string; gstPercentage: number; }, "gstPercentage">'.
                      Type 'FieldValues' is missing the following properties from type 'Omit<{ name: string; hsnCode: string; gstPercentage: number; }, "gstPercentage">': name, hsnCode
src/components/forms/material-master-form.tsx(107,5): error TS2322: Type 'Resolver<{ itemName: string; itemGroup: string; purchaseUnit: string; purchaseRate: unknown; hsnCode: string; shelfLifeDays?: unknown; }, any, { itemName: string; itemGroup: string; purchaseUnit: string; purchaseRate: number; hsnCode: string; shelfLifeDays?: number | undefined; }>' is not assignable to type 'Resolver<MaterialFormValues, any, MaterialFormValues>'.
  Types of parameters 'options' and 'options' are incompatible.
    Type 'ResolverOptions<MaterialFormValues>' is not assignable to type 'ResolverOptions<{ itemName: string; itemGroup: string; purchaseUnit: string; purchaseRate: unknown; hsnCode: string; shelfLifeDays?: unknown; }>'.
      Type '{ itemName: string; itemGroup: string; purchaseUnit: string; purchaseRate: unknown; hsnCode: string; shelfLifeDays?: unknown; }' is not assignable to type 'MaterialFormValues'.
        Type '{ itemName: string; itemGroup: string; purchaseUnit: string; purchaseRate: unknown; hsnCode: string; shelfLifeDays?: unknown; }' is not assignable to type '{ shelfLifeDays?: string | number | undefined; purchaseRate: string | number; }'.
          Types of property 'shelfLifeDays' are incompatible.
            Type 'unknown' is not assignable to type 'string | number | undefined'.
src/components/forms/material-master-form.tsx(186,43): error TS2345: Argument of type '(data: MaterialFormValues) => Promise<void>' is not assignable to parameter of type 'SubmitHandler<TFieldValues>'.
  Types of parameters 'data' and 'data' are incompatible.
    Type 'TFieldValues' is not assignable to type 'MaterialFormValues'.
      Type 'FieldValues' is not assignable to type 'MaterialFormValues'.
        Type 'FieldValues' is missing the following properties from type 'Omit<{ itemName: string; itemGroup: string; purchaseUnit: string; purchaseRate: number; hsnCode: string; shelfLifeDays?: number | undefined; }, "shelfLifeDays" | "purchaseRate">': hsnCode, itemName, itemGroup, purchaseUnit
          Type 'TFieldValues' is not assignable to type 'Omit<{ itemName: string; itemGroup: string; purchaseUnit: string; purchaseRate: number; hsnCode: string; shelfLifeDays?: number | undefined; }, "shelfLifeDays" | "purchaseRate">'.
            Type 'FieldValues' is missing the following properties from type 'Omit<{ itemName: string; itemGroup: string; purchaseUnit: string; purchaseRate: number; hsnCode: string; shelfLifeDays?: number | undefined; }, "shelfLifeDays" | "purchaseRate">': hsnCode, itemName, itemGroup, purchaseUnit
src/components/forms/material-master-form.tsx(190,15): error TS2322: Type 'Control<MaterialFormValues, any, TFieldValues>' is not assignable to type 'Control<MaterialFormValues, any, MaterialFormValues>'.
  The types of '_options.resolver' are incompatible between these types.
    Type 'Resolver<MaterialFormValues, any, TFieldValues> | undefined' is not assignable to type 'Resolver<MaterialFormValues, any, MaterialFormValues> | undefined'.
      Type 'Resolver<MaterialFormValues, any, TFieldValues>' is not assignable to type 'Resolver<MaterialFormValues, any, MaterialFormValues>'.
        Type 'ResolverResult<MaterialFormValues, TFieldValues> | Promise<ResolverResult<MaterialFormValues, TFieldValues>>' is not assignable to type 'ResolverResult<MaterialFormValues, MaterialFormValues> | Promise<ResolverResult<MaterialFormValues, MaterialFormValues>>'.
          Type 'ResolverSuccess<TFieldValues>' is not assignable to type 'ResolverResult<MaterialFormValues, MaterialFormValues> | Promise<ResolverResult<MaterialFormValues, MaterialFormValues>>'.
            Type 'ResolverSuccess<TFieldValues>' is not assignable to type 'ResolverSuccess<MaterialFormValues>'.
              Type 'TFieldValues' is not assignable to type 'MaterialFormValues'.
                Type 'FieldValues' is not assignable to type 'MaterialFormValues'.
                  Type 'FieldValues' is missing the following properties from type 'Omit<{ itemName: string; itemGroup: string; purchaseUnit: string; purchaseRate: number; hsnCode: string; shelfLifeDays?: number | undefined; }, "shelfLifeDays" | "purchaseRate">': hsnCode, itemName, itemGroup, purchaseUnit
                    Type 'TFieldValues' is not assignable to type 'Omit<{ itemName: string; itemGroup: string; purchaseUnit: string; purchaseRate: number; hsnCode: string; shelfLifeDays?: number | undefined; }, "shelfLifeDays" | "purchaseRate">'.
                      Type 'FieldValues' is missing the following properties from type 'Omit<{ itemName: string; itemGroup: string; purchaseUnit: string; purchaseRate: number; hsnCode: string; shelfLifeDays?: number | undefined; }, "shelfLifeDays" | "purchaseRate">': hsnCode, itemName, itemGroup, purchaseUnit
src/components/forms/material-master-form.tsx(208,15): error TS2322: Type 'Control<MaterialFormValues, any, TFieldValues>' is not assignable to type 'Control<MaterialFormValues, any, MaterialFormValues>'.
  The types of '_options.resolver' are incompatible between these types.
    Type 'Resolver<MaterialFormValues, any, TFieldValues> | undefined' is not assignable to type 'Resolver<MaterialFormValues, any, MaterialFormValues> | undefined'.
      Type 'Resolver<MaterialFormValues, any, TFieldValues>' is not assignable to type 'Resolver<MaterialFormValues, any, MaterialFormValues>'.
        Type 'ResolverResult<MaterialFormValues, TFieldValues> | Promise<ResolverResult<MaterialFormValues, TFieldValues>>' is not assignable to type 'ResolverResult<MaterialFormValues, MaterialFormValues> | Promise<ResolverResult<MaterialFormValues, MaterialFormValues>>'.
          Type 'ResolverSuccess<TFieldValues>' is not assignable to type 'ResolverResult<MaterialFormValues, MaterialFormValues> | Promise<ResolverResult<MaterialFormValues, MaterialFormValues>>'.
            Type 'ResolverSuccess<TFieldValues>' is not assignable to type 'ResolverSuccess<MaterialFormValues>'.
              Type 'TFieldValues' is not assignable to type 'MaterialFormValues'.
                Type 'FieldValues' is not assignable to type 'MaterialFormValues'.
                  Type 'FieldValues' is missing the following properties from type 'Omit<{ itemName: string; itemGroup: string; purchaseUnit: string; purchaseRate: number; hsnCode: string; shelfLifeDays?: number | undefined; }, "shelfLifeDays" | "purchaseRate">': hsnCode, itemName, itemGroup, purchaseUnit
                    Type 'TFieldValues' is not assignable to type 'Omit<{ itemName: string; itemGroup: string; purchaseUnit: string; purchaseRate: number; hsnCode: string; shelfLifeDays?: number | undefined; }, "shelfLifeDays" | "purchaseRate">'.
                      Type 'FieldValues' is missing the following properties from type 'Omit<{ itemName: string; itemGroup: string; purchaseUnit: string; purchaseRate: number; hsnCode: string; shelfLifeDays?: number | undefined; }, "shelfLifeDays" | "purchaseRate">': hsnCode, itemName, itemGroup, purchaseUnit
src/components/forms/material-master-form.tsx(230,15): error TS2322: Type 'Control<MaterialFormValues, any, TFieldValues>' is not assignable to type 'Control<MaterialFormValues, any, MaterialFormValues>'.
  The types of '_options.resolver' are incompatible between these types.
    Type 'Resolver<MaterialFormValues, any, TFieldValues> | undefined' is not assignable to type 'Resolver<MaterialFormValues, any, MaterialFormValues> | undefined'.
      Type 'Resolver<MaterialFormValues, any, TFieldValues>' is not assignable to type 'Resolver<MaterialFormValues, any, MaterialFormValues>'.
        Type 'ResolverResult<MaterialFormValues, TFieldValues> | Promise<ResolverResult<MaterialFormValues, TFieldValues>>' is not assignable to type 'ResolverResult<MaterialFormValues, MaterialFormValues> | Promise<ResolverResult<MaterialFormValues, MaterialFormValues>>'.
          Type 'ResolverSuccess<TFieldValues>' is not assignable to type 'ResolverResult<MaterialFormValues, MaterialFormValues> | Promise<ResolverResult<MaterialFormValues, MaterialFormValues>>'.
            Type 'ResolverSuccess<TFieldValues>' is not assignable to type 'ResolverSuccess<MaterialFormValues>'.
              Type 'TFieldValues' is not assignable to type 'MaterialFormValues'.
                Type 'FieldValues' is not assignable to type 'MaterialFormValues'.
                  Type 'FieldValues' is missing the following properties from type 'Omit<{ itemName: string; itemGroup: string; purchaseUnit: string; purchaseRate: number; hsnCode: string; shelfLifeDays?: number | undefined; }, "shelfLifeDays" | "purchaseRate">': hsnCode, itemName, itemGroup, purchaseUnit
                    Type 'TFieldValues' is not assignable to type 'Omit<{ itemName: string; itemGroup: string; purchaseUnit: string; purchaseRate: number; hsnCode: string; shelfLifeDays?: number | undefined; }, "shelfLifeDays" | "purchaseRate">'.
                      Type 'FieldValues' is missing the following properties from type 'Omit<{ itemName: string; itemGroup: string; purchaseUnit: string; purchaseRate: number; hsnCode: string; shelfLifeDays?: number | undefined; }, "shelfLifeDays" | "purchaseRate">': hsnCode, itemName, itemGroup, purchaseUnit
src/components/forms/material-master-form.tsx(250,15): error TS2322: Type 'Control<MaterialFormValues, any, TFieldValues>' is not assignable to type 'Control<MaterialFormValues, any, MaterialFormValues>'.
  The types of '_options.resolver' are incompatible between these types.
    Type 'Resolver<MaterialFormValues, any, TFieldValues> | undefined' is not assignable to type 'Resolver<MaterialFormValues, any, MaterialFormValues> | undefined'.
      Type 'Resolver<MaterialFormValues, any, TFieldValues>' is not assignable to type 'Resolver<MaterialFormValues, any, MaterialFormValues>'.
        Type 'ResolverResult<MaterialFormValues, TFieldValues> | Promise<ResolverResult<MaterialFormValues, TFieldValues>>' is not assignable to type 'ResolverResult<MaterialFormValues, MaterialFormValues> | Promise<ResolverResult<MaterialFormValues, MaterialFormValues>>'.
          Type 'ResolverSuccess<TFieldValues>' is not assignable to type 'ResolverResult<MaterialFormValues, MaterialFormValues> | Promise<ResolverResult<MaterialFormValues, MaterialFormValues>>'.
            Type 'ResolverSuccess<TFieldValues>' is not assignable to type 'ResolverSuccess<MaterialFormValues>'.
              Type 'TFieldValues' is not assignable to type 'MaterialFormValues'.
                Type 'FieldValues' is not assignable to type 'MaterialFormValues'.
                  Type 'FieldValues' is missing the following properties from type 'Omit<{ itemName: string; itemGroup: string; purchaseUnit: string; purchaseRate: number; hsnCode: string; shelfLifeDays?: number | undefined; }, "shelfLifeDays" | "purchaseRate">': hsnCode, itemName, itemGroup, purchaseUnit
                    Type 'TFieldValues' is not assignable to type 'Omit<{ itemName: string; itemGroup: string; purchaseUnit: string; purchaseRate: number; hsnCode: string; shelfLifeDays?: number | undefined; }, "shelfLifeDays" | "purchaseRate">'.
                      Type 'FieldValues' is missing the following properties from type 'Omit<{ itemName: string; itemGroup: string; purchaseUnit: string; purchaseRate: number; hsnCode: string; shelfLifeDays?: number | undefined; }, "shelfLifeDays" | "purchaseRate">': hsnCode, itemName, itemGroup, purchaseUnit
src/components/forms/material-master-form.tsx(273,15): error TS2322: Type 'Control<MaterialFormValues, any, TFieldValues>' is not assignable to type 'Control<MaterialFormValues, any, MaterialFormValues>'.
  The types of '_options.resolver' are incompatible between these types.
    Type 'Resolver<MaterialFormValues, any, TFieldValues> | undefined' is not assignable to type 'Resolver<MaterialFormValues, any, MaterialFormValues> | undefined'.
      Type 'Resolver<MaterialFormValues, any, TFieldValues>' is not assignable to type 'Resolver<MaterialFormValues, any, MaterialFormValues>'.
        Type 'ResolverResult<MaterialFormValues, TFieldValues> | Promise<ResolverResult<MaterialFormValues, TFieldValues>>' is not assignable to type 'ResolverResult<MaterialFormValues, MaterialFormValues> | Promise<ResolverResult<MaterialFormValues, MaterialFormValues>>'.
          Type 'ResolverSuccess<TFieldValues>' is not assignable to type 'ResolverResult<MaterialFormValues, MaterialFormValues> | Promise<ResolverResult<MaterialFormValues, MaterialFormValues>>'.
            Type 'ResolverSuccess<TFieldValues>' is not assignable to type 'ResolverSuccess<MaterialFormValues>'.
              Type 'TFieldValues' is not assignable to type 'MaterialFormValues'.
                Type 'FieldValues' is not assignable to type 'MaterialFormValues'.
                  Type 'FieldValues' is missing the following properties from type 'Omit<{ itemName: string; itemGroup: string; purchaseUnit: string; purchaseRate: number; hsnCode: string; shelfLifeDays?: number | undefined; }, "shelfLifeDays" | "purchaseRate">': hsnCode, itemName, itemGroup, purchaseUnit
                    Type 'TFieldValues' is not assignable to type 'Omit<{ itemName: string; itemGroup: string; purchaseUnit: string; purchaseRate: number; hsnCode: string; shelfLifeDays?: number | undefined; }, "shelfLifeDays" | "purchaseRate">'.
                      Type 'FieldValues' is missing the following properties from type 'Omit<{ itemName: string; itemGroup: string; purchaseUnit: string; purchaseRate: number; hsnCode: string; shelfLifeDays?: number | undefined; }, "shelfLifeDays" | "purchaseRate">': hsnCode, itemName, itemGroup, purchaseUnit
src/components/forms/material-master-form.tsx(298,15): error TS2322: Type 'Control<MaterialFormValues, any, TFieldValues>' is not assignable to type 'Control<MaterialFormValues, any, MaterialFormValues>'.
  The types of '_options.resolver' are incompatible between these types.
    Type 'Resolver<MaterialFormValues, any, TFieldValues> | undefined' is not assignable to type 'Resolver<MaterialFormValues, any, MaterialFormValues> | undefined'.
      Type 'Resolver<MaterialFormValues, any, TFieldValues>' is not assignable to type 'Resolver<MaterialFormValues, any, MaterialFormValues>'.
        Type 'ResolverResult<MaterialFormValues, TFieldValues> | Promise<ResolverResult<MaterialFormValues, TFieldValues>>' is not assignable to type 'ResolverResult<MaterialFormValues, MaterialFormValues> | Promise<ResolverResult<MaterialFormValues, MaterialFormValues>>'.
          Type 'ResolverSuccess<TFieldValues>' is not assignable to type 'ResolverResult<MaterialFormValues, MaterialFormValues> | Promise<ResolverResult<MaterialFormValues, MaterialFormValues>>'.
            Type 'ResolverSuccess<TFieldValues>' is not assignable to type 'ResolverSuccess<MaterialFormValues>'.
              Type 'TFieldValues' is not assignable to type 'MaterialFormValues'.
                Type 'FieldValues' is not assignable to type 'MaterialFormValues'.
                  Type 'FieldValues' is missing the following properties from type 'Omit<{ itemName: string; itemGroup: string; purchaseUnit: string; purchaseRate: number; hsnCode: string; shelfLifeDays?: number | undefined; }, "shelfLifeDays" | "purchaseRate">': hsnCode, itemName, itemGroup, purchaseUnit
                    Type 'TFieldValues' is not assignable to type 'Omit<{ itemName: string; itemGroup: string; purchaseUnit: string; purchaseRate: number; hsnCode: string; shelfLifeDays?: number | undefined; }, "shelfLifeDays" | "purchaseRate">'.
                      Type 'FieldValues' is missing the following properties from type 'Omit<{ itemName: string; itemGroup: string; purchaseUnit: string; purchaseRate: number; hsnCode: string; shelfLifeDays?: number | undefined; }, "shelfLifeDays" | "purchaseRate">': hsnCode, itemName, itemGroup, purchaseUnit
src/components/forms/roll-master-form.tsx(116,5): error TS2322: Type 'Resolver<{ itemType: "Film" | "Paper"; mill: string; quality: string; rollWidthMM: unknown; purchaseUnit: string; stockUnit: string; purchaseRate: unknown; hsnCode: string; itemCode?: string | undefined; itemName?: string | undefined; ... 7 more ...; shelfLifeDays?: unknown; }, any, { ...; }>' is not assignable to type 'Resolver<RollMasterFormValues, any, RollMasterFormValues>'.
  Types of parameters 'options' and 'options' are incompatible.
    Type 'ResolverOptions<RollMasterFormValues>' is not assignable to type 'ResolverOptions<{ itemType: "Film" | "Paper"; mill: string; quality: string; rollWidthMM: unknown; purchaseUnit: string; stockUnit: string; purchaseRate: unknown; hsnCode: string; itemCode?: string | undefined; itemName?: string | undefined; ... 7 more ...; shelfLifeDays?: unknown; }>'.
      Type '{ itemType: "Film" | "Paper"; mill: string; quality: string; rollWidthMM: unknown; purchaseUnit: string; stockUnit: string; purchaseRate: unknown; hsnCode: string; itemCode?: string | undefined; itemName?: string | undefined; ... 7 more ...; shelfLifeDays?: unknown; }' is not assignable to type 'RollMasterFormValues'.
        Type '{ itemType: "Film" | "Paper"; mill: string; quality: string; rollWidthMM: unknown; purchaseUnit: string; stockUnit: string; purchaseRate: unknown; hsnCode: string; itemCode?: string | undefined; itemName?: string | undefined; ... 7 more ...; shelfLifeDays?: unknown; }' is not assignable to type '{ rollWidthMM: string | number; thicknessMicron?: string | number | undefined; density?: string | number | undefined; faceGSM?: string | number | undefined; releaseGSM?: string | number | undefined; adhesiveGSM?: string | ... 1 more ... | undefined; totalGSM?: string | ... 1 more ... | undefined; shelfLifeDays?: str...'.
          Types of property 'rollWidthMM' are incompatible.
            Type 'unknown' is not assignable to type 'string | number'.
src/components/forms/roll-master-form.tsx(289,43): error TS2345: Argument of type '(data: RollMasterFormValues) => Promise<void>' is not assignable to parameter of type 'SubmitHandler<TFieldValues>'.
  Types of parameters 'data' and 'data' are incompatible.
    Type 'TFieldValues' is not assignable to type 'RollMasterFormValues'.
      Type 'FieldValues' is not assignable to type 'RollMasterFormValues'.
        Type 'FieldValues' is missing the following properties from type 'Omit<{ itemType: "Film" | "Paper"; mill: string; quality: string; rollWidthMM: number; purchaseUnit: string; stockUnit: string; purchaseRate: number; hsnCode: string; itemCode?: string | undefined; ... 8 more ...; shelfLifeDays?: number | ... 1 more ... | undefined; }, "shelfLifeDays" | ... 7 more ... | "totalGSM">': hsnCode, purchaseUnit, itemType, mill, and 2 more.
          Type 'TFieldValues' is not assignable to type 'Omit<{ itemType: "Film" | "Paper"; mill: string; quality: string; rollWidthMM: number; purchaseUnit: string; stockUnit: string; purchaseRate: number; hsnCode: string; itemCode?: string | undefined; ... 8 more ...; shelfLifeDays?: number | ... 1 more ... | undefined; }, "shelfLifeDays" | ... 7 more ... | "totalGSM">'.
            Type 'FieldValues' is missing the following properties from type 'Omit<{ itemType: "Film" | "Paper"; mill: string; quality: string; rollWidthMM: number; purchaseUnit: string; stockUnit: string; purchaseRate: number; hsnCode: string; itemCode?: string | undefined; ... 8 more ...; shelfLifeDays?: number | ... 1 more ... | undefined; }, "shelfLifeDays" | ... 7 more ... | "totalGSM">': hsnCode, purchaseUnit, itemType, mill, and 2 more.
src/components/forms/roll-master-form.tsx(293,15): error TS2322: Type 'Control<RollMasterFormValues, any, TFieldValues>' is not assignable to type 'Control<RollMasterFormValues, any, RollMasterFormValues>'.
  The types of '_options.resolver' are incompatible between these types.
    Type 'Resolver<RollMasterFormValues, any, TFieldValues> | undefined' is not assignable to type 'Resolver<RollMasterFormValues, any, RollMasterFormValues> | undefined'.
      Type 'Resolver<RollMasterFormValues, any, TFieldValues>' is not assignable to type 'Resolver<RollMasterFormValues, any, RollMasterFormValues>'.
        Type 'ResolverResult<RollMasterFormValues, TFieldValues> | Promise<ResolverResult<RollMasterFormValues, TFieldValues>>' is not assignable to type 'ResolverResult<RollMasterFormValues, RollMasterFormValues> | Promise<ResolverResult<RollMasterFormValues, RollMasterFormValues>>'.
          Type 'ResolverSuccess<TFieldValues>' is not assignable to type 'ResolverResult<RollMasterFormValues, RollMasterFormValues> | Promise<ResolverResult<RollMasterFormValues, RollMasterFormValues>>'.
            Type 'ResolverSuccess<TFieldValues>' is not assignable to type 'ResolverSuccess<RollMasterFormValues>'.
              Type 'TFieldValues' is not assignable to type 'RollMasterFormValues'.
                Type 'FieldValues' is not assignable to type 'RollMasterFormValues'.
                  Type 'FieldValues' is missing the following properties from type 'Omit<{ itemType: "Film" | "Paper"; mill: string; quality: string; rollWidthMM: number; purchaseUnit: string; stockUnit: string; purchaseRate: number; hsnCode: string; itemCode?: string | undefined; ... 8 more ...; shelfLifeDays?: number | ... 1 more ... | undefined; }, "shelfLifeDays" | ... 7 more ... | "totalGSM">': hsnCode, purchaseUnit, itemType, mill, and 2 more.
                    Type 'TFieldValues' is not assignable to type 'Omit<{ itemType: "Film" | "Paper"; mill: string; quality: string; rollWidthMM: number; purchaseUnit: string; stockUnit: string; purchaseRate: number; hsnCode: string; itemCode?: string | undefined; ... 8 more ...; shelfLifeDays?: number | ... 1 more ... | undefined; }, "shelfLifeDays" | ... 7 more ... | "totalGSM">'.
                      Type 'FieldValues' is missing the following properties from type 'Omit<{ itemType: "Film" | "Paper"; mill: string; quality: string; rollWidthMM: number; purchaseUnit: string; stockUnit: string; purchaseRate: number; hsnCode: string; itemCode?: string | undefined; ... 8 more ...; shelfLifeDays?: number | ... 1 more ... | undefined; }, "shelfLifeDays" | ... 7 more ... | "totalGSM">': hsnCode, purchaseUnit, itemType, mill, and 2 more.
src/components/forms/roll-master-form.tsx(307,15): error TS2322: Type 'Control<RollMasterFormValues, any, TFieldValues>' is not assignable to type 'Control<RollMasterFormValues, any, RollMasterFormValues>'.
  The types of '_options.resolver' are incompatible between these types.
    Type 'Resolver<RollMasterFormValues, any, TFieldValues> | undefined' is not assignable to type 'Resolver<RollMasterFormValues, any, RollMasterFormValues> | undefined'.
      Type 'Resolver<RollMasterFormValues, any, TFieldValues>' is not assignable to type 'Resolver<RollMasterFormValues, any, RollMasterFormValues>'.
        Type 'ResolverResult<RollMasterFormValues, TFieldValues> | Promise<ResolverResult<RollMasterFormValues, TFieldValues>>' is not assignable to type 'ResolverResult<RollMasterFormValues, RollMasterFormValues> | Promise<ResolverResult<RollMasterFormValues, RollMasterFormValues>>'.
          Type 'ResolverSuccess<TFieldValues>' is not assignable to type 'ResolverResult<RollMasterFormValues, RollMasterFormValues> | Promise<ResolverResult<RollMasterFormValues, RollMasterFormValues>>'.
            Type 'ResolverSuccess<TFieldValues>' is not assignable to type 'ResolverSuccess<RollMasterFormValues>'.
              Type 'TFieldValues' is not assignable to type 'RollMasterFormValues'.
                Type 'FieldValues' is not assignable to type 'RollMasterFormValues'.
                  Type 'FieldValues' is missing the following properties from type 'Omit<{ itemType: "Film" | "Paper"; mill: string; quality: string; rollWidthMM: number; purchaseUnit: string; stockUnit: string; purchaseRate: number; hsnCode: string; itemCode?: string | undefined; ... 8 more ...; shelfLifeDays?: number | ... 1 more ... | undefined; }, "shelfLifeDays" | ... 7 more ... | "totalGSM">': hsnCode, purchaseUnit, itemType, mill, and 2 more.
                    Type 'TFieldValues' is not assignable to type 'Omit<{ itemType: "Film" | "Paper"; mill: string; quality: string; rollWidthMM: number; purchaseUnit: string; stockUnit: string; purchaseRate: number; hsnCode: string; itemCode?: string | undefined; ... 8 more ...; shelfLifeDays?: number | ... 1 more ... | undefined; }, "shelfLifeDays" | ... 7 more ... | "totalGSM">'.
                      Type 'FieldValues' is missing the following properties from type 'Omit<{ itemType: "Film" | "Paper"; mill: string; quality: string; rollWidthMM: number; purchaseUnit: string; stockUnit: string; purchaseRate: number; hsnCode: string; itemCode?: string | undefined; ... 8 more ...; shelfLifeDays?: number | ... 1 more ... | undefined; }, "shelfLifeDays" | ... 7 more ... | "totalGSM">': hsnCode, purchaseUnit, itemType, mill, and 2 more.
src/components/forms/roll-master-form.tsx(329,15): error TS2322: Type 'Control<RollMasterFormValues, any, TFieldValues>' is not assignable to type 'Control<RollMasterFormValues, any, RollMasterFormValues>'.
  The types of '_options.resolver' are incompatible between these types.
    Type 'Resolver<RollMasterFormValues, any, TFieldValues> | undefined' is not assignable to type 'Resolver<RollMasterFormValues, any, RollMasterFormValues> | undefined'.
      Type 'Resolver<RollMasterFormValues, any, TFieldValues>' is not assignable to type 'Resolver<RollMasterFormValues, any, RollMasterFormValues>'.
        Type 'ResolverResult<RollMasterFormValues, TFieldValues> | Promise<ResolverResult<RollMasterFormValues, TFieldValues>>' is not assignable to type 'ResolverResult<RollMasterFormValues, RollMasterFormValues> | Promise<ResolverResult<RollMasterFormValues, RollMasterFormValues>>'.
          Type 'ResolverSuccess<TFieldValues>' is not assignable to type 'ResolverResult<RollMasterFormValues, RollMasterFormValues> | Promise<ResolverResult<RollMasterFormValues, RollMasterFormValues>>'.
            Type 'ResolverSuccess<TFieldValues>' is not assignable to type 'ResolverSuccess<RollMasterFormValues>'.
              Type 'TFieldValues' is not assignable to type 'RollMasterFormValues'.
                Type 'FieldValues' is not assignable to type 'RollMasterFormValues'.
                  Type 'FieldValues' is missing the following properties from type 'Omit<{ itemType: "Film" | "Paper"; mill: string; quality: string; rollWidthMM: number; purchaseUnit: string; stockUnit: string; purchaseRate: number; hsnCode: string; itemCode?: string | undefined; ... 8 more ...; shelfLifeDays?: number | ... 1 more ... | undefined; }, "shelfLifeDays" | ... 7 more ... | "totalGSM">': hsnCode, purchaseUnit, itemType, mill, and 2 more.
                    Type 'TFieldValues' is not assignable to type 'Omit<{ itemType: "Film" | "Paper"; mill: string; quality: string; rollWidthMM: number; purchaseUnit: string; stockUnit: string; purchaseRate: number; hsnCode: string; itemCode?: string | undefined; ... 8 more ...; shelfLifeDays?: number | ... 1 more ... | undefined; }, "shelfLifeDays" | ... 7 more ... | "totalGSM">'.
                      Type 'FieldValues' is missing the following properties from type 'Omit<{ itemType: "Film" | "Paper"; mill: string; quality: string; rollWidthMM: number; purchaseUnit: string; stockUnit: string; purchaseRate: number; hsnCode: string; itemCode?: string | undefined; ... 8 more ...; shelfLifeDays?: number | ... 1 more ... | undefined; }, "shelfLifeDays" | ... 7 more ... | "totalGSM">': hsnCode, purchaseUnit, itemType, mill, and 2 more.
src/components/forms/roll-master-form.tsx(344,15): error TS2322: Type 'Control<RollMasterFormValues, any, TFieldValues>' is not assignable to type 'Control<RollMasterFormValues, any, RollMasterFormValues>'.
  The types of '_options.resolver' are incompatible between these types.
    Type 'Resolver<RollMasterFormValues, any, TFieldValues> | undefined' is not assignable to type 'Resolver<RollMasterFormValues, any, RollMasterFormValues> | undefined'.
      Type 'Resolver<RollMasterFormValues, any, TFieldValues>' is not assignable to type 'Resolver<RollMasterFormValues, any, RollMasterFormValues>'.
        Type 'ResolverResult<RollMasterFormValues, TFieldValues> | Promise<ResolverResult<RollMasterFormValues, TFieldValues>>' is not assignable to type 'ResolverResult<RollMasterFormValues, RollMasterFormValues> | Promise<ResolverResult<RollMasterFormValues, RollMasterFormValues>>'.
          Type 'ResolverSuccess<TFieldValues>' is not assignable to type 'ResolverResult<RollMasterFormValues, RollMasterFormValues> | Promise<ResolverResult<RollMasterFormValues, RollMasterFormValues>>'.
            Type 'ResolverSuccess<TFieldValues>' is not assignable to type 'ResolverSuccess<RollMasterFormValues>'.
              Type 'TFieldValues' is not assignable to type 'RollMasterFormValues'.
                Type 'FieldValues' is not assignable to type 'RollMasterFormValues'.
                  Type 'FieldValues' is missing the following properties from type 'Omit<{ itemType: "Film" | "Paper"; mill: string; quality: string; rollWidthMM: number; purchaseUnit: string; stockUnit: string; purchaseRate: number; hsnCode: string; itemCode?: string | undefined; ... 8 more ...; shelfLifeDays?: number | ... 1 more ... | undefined; }, "shelfLifeDays" | ... 7 more ... | "totalGSM">': hsnCode, purchaseUnit, itemType, mill, and 2 more.
                    Type 'TFieldValues' is not assignable to type 'Omit<{ itemType: "Film" | "Paper"; mill: string; quality: string; rollWidthMM: number; purchaseUnit: string; stockUnit: string; purchaseRate: number; hsnCode: string; itemCode?: string | undefined; ... 8 more ...; shelfLifeDays?: number | ... 1 more ... | undefined; }, "shelfLifeDays" | ... 7 more ... | "totalGSM">'.
                      Type 'FieldValues' is missing the following properties from type 'Omit<{ itemType: "Film" | "Paper"; mill: string; quality: string; rollWidthMM: number; purchaseUnit: string; stockUnit: string; purchaseRate: number; hsnCode: string; itemCode?: string | undefined; ... 8 more ...; shelfLifeDays?: number | ... 1 more ... | undefined; }, "shelfLifeDays" | ... 7 more ... | "totalGSM">': hsnCode, purchaseUnit, itemType, mill, and 2 more.
src/components/forms/roll-master-form.tsx(364,15): error TS2322: Type 'Control<RollMasterFormValues, any, TFieldValues>' is not assignable to type 'Control<RollMasterFormValues, any, RollMasterFormValues>'.
  The types of '_options.resolver' are incompatible between these types.
    Type 'Resolver<RollMasterFormValues, any, TFieldValues> | undefined' is not assignable to type 'Resolver<RollMasterFormValues, any, RollMasterFormValues> | undefined'.
      Type 'Resolver<RollMasterFormValues, any, TFieldValues>' is not assignable to type 'Resolver<RollMasterFormValues, any, RollMasterFormValues>'.
        Type 'ResolverResult<RollMasterFormValues, TFieldValues> | Promise<ResolverResult<RollMasterFormValues, TFieldValues>>' is not assignable to type 'ResolverResult<RollMasterFormValues, RollMasterFormValues> | Promise<ResolverResult<RollMasterFormValues, RollMasterFormValues>>'.
          Type 'ResolverSuccess<TFieldValues>' is not assignable to type 'ResolverResult<RollMasterFormValues, RollMasterFormValues> | Promise<ResolverResult<RollMasterFormValues, RollMasterFormValues>>'.
            Type 'ResolverSuccess<TFieldValues>' is not assignable to type 'ResolverSuccess<RollMasterFormValues>'.
              Type 'TFieldValues' is not assignable to type 'RollMasterFormValues'.
                Type 'FieldValues' is not assignable to type 'RollMasterFormValues'.
                  Type 'FieldValues' is missing the following properties from type 'Omit<{ itemType: "Film" | "Paper"; mill: string; quality: string; rollWidthMM: number; purchaseUnit: string; stockUnit: string; purchaseRate: number; hsnCode: string; itemCode?: string | undefined; ... 8 more ...; shelfLifeDays?: number | ... 1 more ... | undefined; }, "shelfLifeDays" | ... 7 more ... | "totalGSM">': hsnCode, purchaseUnit, itemType, mill, and 2 more.
                    Type 'TFieldValues' is not assignable to type 'Omit<{ itemType: "Film" | "Paper"; mill: string; quality: string; rollWidthMM: number; purchaseUnit: string; stockUnit: string; purchaseRate: number; hsnCode: string; itemCode?: string | undefined; ... 8 more ...; shelfLifeDays?: number | ... 1 more ... | undefined; }, "shelfLifeDays" | ... 7 more ... | "totalGSM">'.
                      Type 'FieldValues' is missing the following properties from type 'Omit<{ itemType: "Film" | "Paper"; mill: string; quality: string; rollWidthMM: number; purchaseUnit: string; stockUnit: string; purchaseRate: number; hsnCode: string; itemCode?: string | undefined; ... 8 more ...; shelfLifeDays?: number | ... 1 more ... | undefined; }, "shelfLifeDays" | ... 7 more ... | "totalGSM">': hsnCode, purchaseUnit, itemType, mill, and 2 more.
src/components/forms/roll-master-form.tsx(382,15): error TS2322: Type 'Control<RollMasterFormValues, any, TFieldValues>' is not assignable to type 'Control<RollMasterFormValues, any, RollMasterFormValues>'.
  The types of '_options.resolver' are incompatible between these types.
    Type 'Resolver<RollMasterFormValues, any, TFieldValues> | undefined' is not assignable to type 'Resolver<RollMasterFormValues, any, RollMasterFormValues> | undefined'.
      Type 'Resolver<RollMasterFormValues, any, TFieldValues>' is not assignable to type 'Resolver<RollMasterFormValues, any, RollMasterFormValues>'.
        Type 'ResolverResult<RollMasterFormValues, TFieldValues> | Promise<ResolverResult<RollMasterFormValues, TFieldValues>>' is not assignable to type 'ResolverResult<RollMasterFormValues, RollMasterFormValues> | Promise<ResolverResult<RollMasterFormValues, RollMasterFormValues>>'.
          Type 'ResolverSuccess<TFieldValues>' is not assignable to type 'ResolverResult<RollMasterFormValues, RollMasterFormValues> | Promise<ResolverResult<RollMasterFormValues, RollMasterFormValues>>'.
            Type 'ResolverSuccess<TFieldValues>' is not assignable to type 'ResolverSuccess<RollMasterFormValues>'.
              Type 'TFieldValues' is not assignable to type 'RollMasterFormValues'.
                Type 'FieldValues' is not assignable to type 'RollMasterFormValues'.
                  Type 'FieldValues' is missing the following properties from type 'Omit<{ itemType: "Film" | "Paper"; mill: string; quality: string; rollWidthMM: number; purchaseUnit: string; stockUnit: string; purchaseRate: number; hsnCode: string; itemCode?: string | undefined; ... 8 more ...; shelfLifeDays?: number | ... 1 more ... | undefined; }, "shelfLifeDays" | ... 7 more ... | "totalGSM">': hsnCode, purchaseUnit, itemType, mill, and 2 more.
                    Type 'TFieldValues' is not assignable to type 'Omit<{ itemType: "Film" | "Paper"; mill: string; quality: string; rollWidthMM: number; purchaseUnit: string; stockUnit: string; purchaseRate: number; hsnCode: string; itemCode?: string | undefined; ... 8 more ...; shelfLifeDays?: number | ... 1 more ... | undefined; }, "shelfLifeDays" | ... 7 more ... | "totalGSM">'.
                      Type 'FieldValues' is missing the following properties from type 'Omit<{ itemType: "Film" | "Paper"; mill: string; quality: string; rollWidthMM: number; purchaseUnit: string; stockUnit: string; purchaseRate: number; hsnCode: string; itemCode?: string | undefined; ... 8 more ...; shelfLifeDays?: number | ... 1 more ... | undefined; }, "shelfLifeDays" | ... 7 more ... | "totalGSM">': hsnCode, purchaseUnit, itemType, mill, and 2 more.
src/components/forms/roll-master-form.tsx(403,15): error TS2322: Type 'Control<RollMasterFormValues, any, TFieldValues>' is not assignable to type 'Control<RollMasterFormValues, any, RollMasterFormValues>'.
  The types of '_options.resolver' are incompatible between these types.
    Type 'Resolver<RollMasterFormValues, any, TFieldValues> | undefined' is not assignable to type 'Resolver<RollMasterFormValues, any, RollMasterFormValues> | undefined'.
      Type 'Resolver<RollMasterFormValues, any, TFieldValues>' is not assignable to type 'Resolver<RollMasterFormValues, any, RollMasterFormValues>'.
        Type 'ResolverResult<RollMasterFormValues, TFieldValues> | Promise<ResolverResult<RollMasterFormValues, TFieldValues>>' is not assignable to type 'ResolverResult<RollMasterFormValues, RollMasterFormValues> | Promise<ResolverResult<RollMasterFormValues, RollMasterFormValues>>'.
          Type 'ResolverSuccess<TFieldValues>' is not assignable to type 'ResolverResult<RollMasterFormValues, RollMasterFormValues> | Promise<ResolverResult<RollMasterFormValues, RollMasterFormValues>>'.
            Type 'ResolverSuccess<TFieldValues>' is not assignable to type 'ResolverSuccess<RollMasterFormValues>'.
              Type 'TFieldValues' is not assignable to type 'RollMasterFormValues'.
                Type 'FieldValues' is not assignable to type 'RollMasterFormValues'.
                  Type 'FieldValues' is missing the following properties from type 'Omit<{ itemType: "Film" | "Paper"; mill: string; quality: string; rollWidthMM: number; purchaseUnit: string; stockUnit: string; purchaseRate: number; hsnCode: string; itemCode?: string | undefined; ... 8 more ...; shelfLifeDays?: number | ... 1 more ... | undefined; }, "shelfLifeDays" | ... 7 more ... | "totalGSM">': hsnCode, purchaseUnit, itemType, mill, and 2 more.
                    Type 'TFieldValues' is not assignable to type 'Omit<{ itemType: "Film" | "Paper"; mill: string; quality: string; rollWidthMM: number; purchaseUnit: string; stockUnit: string; purchaseRate: number; hsnCode: string; itemCode?: string | undefined; ... 8 more ...; shelfLifeDays?: number | ... 1 more ... | undefined; }, "shelfLifeDays" | ... 7 more ... | "totalGSM">'.
                      Type 'FieldValues' is missing the following properties from type 'Omit<{ itemType: "Film" | "Paper"; mill: string; quality: string; rollWidthMM: number; purchaseUnit: string; stockUnit: string; purchaseRate: number; hsnCode: string; itemCode?: string | undefined; ... 8 more ...; shelfLifeDays?: number | ... 1 more ... | undefined; }, "shelfLifeDays" | ... 7 more ... | "totalGSM">': hsnCode, purchaseUnit, itemType, mill, and 2 more.
src/components/forms/roll-master-form.tsx(420,15): error TS2322: Type 'Control<RollMasterFormValues, any, TFieldValues>' is not assignable to type 'Control<RollMasterFormValues, any, RollMasterFormValues>'.
  The types of '_options.resolver' are incompatible between these types.
    Type 'Resolver<RollMasterFormValues, any, TFieldValues> | undefined' is not assignable to type 'Resolver<RollMasterFormValues, any, RollMasterFormValues> | undefined'.
      Type 'Resolver<RollMasterFormValues, any, TFieldValues>' is not assignable to type 'Resolver<RollMasterFormValues, any, RollMasterFormValues>'.
        Type 'ResolverResult<RollMasterFormValues, TFieldValues> | Promise<ResolverResult<RollMasterFormValues, TFieldValues>>' is not assignable to type 'ResolverResult<RollMasterFormValues, RollMasterFormValues> | Promise<ResolverResult<RollMasterFormValues, RollMasterFormValues>>'.
          Type 'ResolverSuccess<TFieldValues>' is not assignable to type 'ResolverResult<RollMasterFormValues, RollMasterFormValues> | Promise<ResolverResult<RollMasterFormValues, RollMasterFormValues>>'.
            Type 'ResolverSuccess<TFieldValues>' is not assignable to type 'ResolverSuccess<RollMasterFormValues>'.
              Type 'TFieldValues' is not assignable to type 'RollMasterFormValues'.
                Type 'FieldValues' is not assignable to type 'RollMasterFormValues'.
                  Type 'FieldValues' is missing the following properties from type 'Omit<{ itemType: "Film" | "Paper"; mill: string; quality: string; rollWidthMM: number; purchaseUnit: string; stockUnit: string; purchaseRate: number; hsnCode: string; itemCode?: string | undefined; ... 8 more ...; shelfLifeDays?: number | ... 1 more ... | undefined; }, "shelfLifeDays" | ... 7 more ... | "totalGSM">': hsnCode, purchaseUnit, itemType, mill, and 2 more.
                    Type 'TFieldValues' is not assignable to type 'Omit<{ itemType: "Film" | "Paper"; mill: string; quality: string; rollWidthMM: number; purchaseUnit: string; stockUnit: string; purchaseRate: number; hsnCode: string; itemCode?: string | undefined; ... 8 more ...; shelfLifeDays?: number | ... 1 more ... | undefined; }, "shelfLifeDays" | ... 7 more ... | "totalGSM">'.
                      Type 'FieldValues' is missing the following properties from type 'Omit<{ itemType: "Film" | "Paper"; mill: string; quality: string; rollWidthMM: number; purchaseUnit: string; stockUnit: string; purchaseRate: number; hsnCode: string; itemCode?: string | undefined; ... 8 more ...; shelfLifeDays?: number | ... 1 more ... | undefined; }, "shelfLifeDays" | ... 7 more ... | "totalGSM">': hsnCode, purchaseUnit, itemType, mill, and 2 more.
src/components/forms/roll-master-form.tsx(437,15): error TS2322: Type 'Control<RollMasterFormValues, any, TFieldValues>' is not assignable to type 'Control<RollMasterFormValues, any, RollMasterFormValues>'.
  The types of '_options.resolver' are incompatible between these types.
    Type 'Resolver<RollMasterFormValues, any, TFieldValues> | undefined' is not assignable to type 'Resolver<RollMasterFormValues, any, RollMasterFormValues> | undefined'.
      Type 'Resolver<RollMasterFormValues, any, TFieldValues>' is not assignable to type 'Resolver<RollMasterFormValues, any, RollMasterFormValues>'.
        Type 'ResolverResult<RollMasterFormValues, TFieldValues> | Promise<ResolverResult<RollMasterFormValues, TFieldValues>>' is not assignable to type 'ResolverResult<RollMasterFormValues, RollMasterFormValues> | Promise<ResolverResult<RollMasterFormValues, RollMasterFormValues>>'.
          Type 'ResolverSuccess<TFieldValues>' is not assignable to type 'ResolverResult<RollMasterFormValues, RollMasterFormValues> | Promise<ResolverResult<RollMasterFormValues, RollMasterFormValues>>'.
            Type 'ResolverSuccess<TFieldValues>' is not assignable to type 'ResolverSuccess<RollMasterFormValues>'.
              Type 'TFieldValues' is not assignable to type 'RollMasterFormValues'.
                Type 'FieldValues' is not assignable to type 'RollMasterFormValues'.
                  Type 'FieldValues' is missing the following properties from type 'Omit<{ itemType: "Film" | "Paper"; mill: string; quality: string; rollWidthMM: number; purchaseUnit: string; stockUnit: string; purchaseRate: number; hsnCode: string; itemCode?: string | undefined; ... 8 more ...; shelfLifeDays?: number | ... 1 more ... | undefined; }, "shelfLifeDays" | ... 7 more ... | "totalGSM">': hsnCode, purchaseUnit, itemType, mill, and 2 more.
                    Type 'TFieldValues' is not assignable to type 'Omit<{ itemType: "Film" | "Paper"; mill: string; quality: string; rollWidthMM: number; purchaseUnit: string; stockUnit: string; purchaseRate: number; hsnCode: string; itemCode?: string | undefined; ... 8 more ...; shelfLifeDays?: number | ... 1 more ... | undefined; }, "shelfLifeDays" | ... 7 more ... | "totalGSM">'.
                      Type 'FieldValues' is missing the following properties from type 'Omit<{ itemType: "Film" | "Paper"; mill: string; quality: string; rollWidthMM: number; purchaseUnit: string; stockUnit: string; purchaseRate: number; hsnCode: string; itemCode?: string | undefined; ... 8 more ...; shelfLifeDays?: number | ... 1 more ... | undefined; }, "shelfLifeDays" | ... 7 more ... | "totalGSM">': hsnCode, purchaseUnit, itemType, mill, and 2 more.
src/components/forms/roll-master-form.tsx(456,15): error TS2322: Type 'Control<RollMasterFormValues, any, TFieldValues>' is not assignable to type 'Control<RollMasterFormValues, any, RollMasterFormValues>'.
  The types of '_options.resolver' are incompatible between these types.
    Type 'Resolver<RollMasterFormValues, any, TFieldValues> | undefined' is not assignable to type 'Resolver<RollMasterFormValues, any, RollMasterFormValues> | undefined'.
      Type 'Resolver<RollMasterFormValues, any, TFieldValues>' is not assignable to type 'Resolver<RollMasterFormValues, any, RollMasterFormValues>'.
        Type 'ResolverResult<RollMasterFormValues, TFieldValues> | Promise<ResolverResult<RollMasterFormValues, TFieldValues>>' is not assignable to type 'ResolverResult<RollMasterFormValues, RollMasterFormValues> | Promise<ResolverResult<RollMasterFormValues, RollMasterFormValues>>'.
          Type 'ResolverSuccess<TFieldValues>' is not assignable to type 'ResolverResult<RollMasterFormValues, RollMasterFormValues> | Promise<ResolverResult<RollMasterFormValues, RollMasterFormValues>>'.
            Type 'ResolverSuccess<TFieldValues>' is not assignable to type 'ResolverSuccess<RollMasterFormValues>'.
              Type 'TFieldValues' is not assignable to type 'RollMasterFormValues'.
                Type 'FieldValues' is not assignable to type 'RollMasterFormValues'.
                  Type 'FieldValues' is missing the following properties from type 'Omit<{ itemType: "Film" | "Paper"; mill: string; quality: string; rollWidthMM: number; purchaseUnit: string; stockUnit: string; purchaseRate: number; hsnCode: string; itemCode?: string | undefined; ... 8 more ...; shelfLifeDays?: number | ... 1 more ... | undefined; }, "shelfLifeDays" | ... 7 more ... | "totalGSM">': hsnCode, purchaseUnit, itemType, mill, and 2 more.
                    Type 'TFieldValues' is not assignable to type 'Omit<{ itemType: "Film" | "Paper"; mill: string; quality: string; rollWidthMM: number; purchaseUnit: string; stockUnit: string; purchaseRate: number; hsnCode: string; itemCode?: string | undefined; ... 8 more ...; shelfLifeDays?: number | ... 1 more ... | undefined; }, "shelfLifeDays" | ... 7 more ... | "totalGSM">'.
                      Type 'FieldValues' is missing the following properties from type 'Omit<{ itemType: "Film" | "Paper"; mill: string; quality: string; rollWidthMM: number; purchaseUnit: string; stockUnit: string; purchaseRate: number; hsnCode: string; itemCode?: string | undefined; ... 8 more ...; shelfLifeDays?: number | ... 1 more ... | undefined; }, "shelfLifeDays" | ... 7 more ... | "totalGSM">': hsnCode, purchaseUnit, itemType, mill, and 2 more.
src/components/forms/roll-master-form.tsx(473,15): error TS2322: Type 'Control<RollMasterFormValues, any, TFieldValues>' is not assignable to type 'Control<RollMasterFormValues, any, RollMasterFormValues>'.
  The types of '_options.resolver' are incompatible between these types.
    Type 'Resolver<RollMasterFormValues, any, TFieldValues> | undefined' is not assignable to type 'Resolver<RollMasterFormValues, any, RollMasterFormValues> | undefined'.
      Type 'Resolver<RollMasterFormValues, any, TFieldValues>' is not assignable to type 'Resolver<RollMasterFormValues, any, RollMasterFormValues>'.
        Type 'ResolverResult<RollMasterFormValues, TFieldValues> | Promise<ResolverResult<RollMasterFormValues, TFieldValues>>' is not assignable to type 'ResolverResult<RollMasterFormValues, RollMasterFormValues> | Promise<ResolverResult<RollMasterFormValues, RollMasterFormValues>>'.
          Type 'ResolverSuccess<TFieldValues>' is not assignable to type 'ResolverResult<RollMasterFormValues, RollMasterFormValues> | Promise<ResolverResult<RollMasterFormValues, RollMasterFormValues>>'.
            Type 'ResolverSuccess<TFieldValues>' is not assignable to type 'ResolverSuccess<RollMasterFormValues>'.
              Type 'TFieldValues' is not assignable to type 'RollMasterFormValues'.
                Type 'FieldValues' is not assignable to type 'RollMasterFormValues'.
                  Type 'FieldValues' is missing the following properties from type 'Omit<{ itemType: "Film" | "Paper"; mill: string; quality: string; rollWidthMM: number; purchaseUnit: string; stockUnit: string; purchaseRate: number; hsnCode: string; itemCode?: string | undefined; ... 8 more ...; shelfLifeDays?: number | ... 1 more ... | undefined; }, "shelfLifeDays" | ... 7 more ... | "totalGSM">': hsnCode, purchaseUnit, itemType, mill, and 2 more.
                    Type 'TFieldValues' is not assignable to type 'Omit<{ itemType: "Film" | "Paper"; mill: string; quality: string; rollWidthMM: number; purchaseUnit: string; stockUnit: string; purchaseRate: number; hsnCode: string; itemCode?: string | undefined; ... 8 more ...; shelfLifeDays?: number | ... 1 more ... | undefined; }, "shelfLifeDays" | ... 7 more ... | "totalGSM">'.
                      Type 'FieldValues' is missing the following properties from type 'Omit<{ itemType: "Film" | "Paper"; mill: string; quality: string; rollWidthMM: number; purchaseUnit: string; stockUnit: string; purchaseRate: number; hsnCode: string; itemCode?: string | undefined; ... 8 more ...; shelfLifeDays?: number | ... 1 more ... | undefined; }, "shelfLifeDays" | ... 7 more ... | "totalGSM">': hsnCode, purchaseUnit, itemType, mill, and 2 more.
src/components/forms/roll-master-form.tsx(491,15): error TS2322: Type 'Control<RollMasterFormValues, any, TFieldValues>' is not assignable to type 'Control<RollMasterFormValues, any, RollMasterFormValues>'.
  The types of '_options.resolver' are incompatible between these types.
    Type 'Resolver<RollMasterFormValues, any, TFieldValues> | undefined' is not assignable to type 'Resolver<RollMasterFormValues, any, RollMasterFormValues> | undefined'.
      Type 'Resolver<RollMasterFormValues, any, TFieldValues>' is not assignable to type 'Resolver<RollMasterFormValues, any, RollMasterFormValues>'.
        Type 'ResolverResult<RollMasterFormValues, TFieldValues> | Promise<ResolverResult<RollMasterFormValues, TFieldValues>>' is not assignable to type 'ResolverResult<RollMasterFormValues, RollMasterFormValues> | Promise<ResolverResult<RollMasterFormValues, RollMasterFormValues>>'.
          Type 'ResolverSuccess<TFieldValues>' is not assignable to type 'ResolverResult<RollMasterFormValues, RollMasterFormValues> | Promise<ResolverResult<RollMasterFormValues, RollMasterFormValues>>'.
            Type 'ResolverSuccess<TFieldValues>' is not assignable to type 'ResolverSuccess<RollMasterFormValues>'.
              Type 'TFieldValues' is not assignable to type 'RollMasterFormValues'.
                Type 'FieldValues' is not assignable to type 'RollMasterFormValues'.
                  Type 'FieldValues' is missing the following properties from type 'Omit<{ itemType: "Film" | "Paper"; mill: string; quality: string; rollWidthMM: number; purchaseUnit: string; stockUnit: string; purchaseRate: number; hsnCode: string; itemCode?: string | undefined; ... 8 more ...; shelfLifeDays?: number | ... 1 more ... | undefined; }, "shelfLifeDays" | ... 7 more ... | "totalGSM">': hsnCode, purchaseUnit, itemType, mill, and 2 more.
                    Type 'TFieldValues' is not assignable to type 'Omit<{ itemType: "Film" | "Paper"; mill: string; quality: string; rollWidthMM: number; purchaseUnit: string; stockUnit: string; purchaseRate: number; hsnCode: string; itemCode?: string | undefined; ... 8 more ...; shelfLifeDays?: number | ... 1 more ... | undefined; }, "shelfLifeDays" | ... 7 more ... | "totalGSM">'.
                      Type 'FieldValues' is missing the following properties from type 'Omit<{ itemType: "Film" | "Paper"; mill: string; quality: string; rollWidthMM: number; purchaseUnit: string; stockUnit: string; purchaseRate: number; hsnCode: string; itemCode?: string | undefined; ... 8 more ...; shelfLifeDays?: number | ... 1 more ... | undefined; }, "shelfLifeDays" | ... 7 more ... | "totalGSM">': hsnCode, purchaseUnit, itemType, mill, and 2 more.
src/components/forms/roll-master-form.tsx(510,15): error TS2322: Type 'Control<RollMasterFormValues, any, TFieldValues>' is not assignable to type 'Control<RollMasterFormValues, any, RollMasterFormValues>'.
  The types of '_options.resolver' are incompatible between these types.
    Type 'Resolver<RollMasterFormValues, any, TFieldValues> | undefined' is not assignable to type 'Resolver<RollMasterFormValues, any, RollMasterFormValues> | undefined'.
      Type 'Resolver<RollMasterFormValues, any, TFieldValues>' is not assignable to type 'Resolver<RollMasterFormValues, any, RollMasterFormValues>'.
        Type 'ResolverResult<RollMasterFormValues, TFieldValues> | Promise<ResolverResult<RollMasterFormValues, TFieldValues>>' is not assignable to type 'ResolverResult<RollMasterFormValues, RollMasterFormValues> | Promise<ResolverResult<RollMasterFormValues, RollMasterFormValues>>'.
          Type 'ResolverSuccess<TFieldValues>' is not assignable to type 'ResolverResult<RollMasterFormValues, RollMasterFormValues> | Promise<ResolverResult<RollMasterFormValues, RollMasterFormValues>>'.
            Type 'ResolverSuccess<TFieldValues>' is not assignable to type 'ResolverSuccess<RollMasterFormValues>'.
              Type 'TFieldValues' is not assignable to type 'RollMasterFormValues'.
                Type 'FieldValues' is not assignable to type 'RollMasterFormValues'.
                  Type 'FieldValues' is missing the following properties from type 'Omit<{ itemType: "Film" | "Paper"; mill: string; quality: string; rollWidthMM: number; purchaseUnit: string; stockUnit: string; purchaseRate: number; hsnCode: string; itemCode?: string | undefined; ... 8 more ...; shelfLifeDays?: number | ... 1 more ... | undefined; }, "shelfLifeDays" | ... 7 more ... | "totalGSM">': hsnCode, purchaseUnit, itemType, mill, and 2 more.
                    Type 'TFieldValues' is not assignable to type 'Omit<{ itemType: "Film" | "Paper"; mill: string; quality: string; rollWidthMM: number; purchaseUnit: string; stockUnit: string; purchaseRate: number; hsnCode: string; itemCode?: string | undefined; ... 8 more ...; shelfLifeDays?: number | ... 1 more ... | undefined; }, "shelfLifeDays" | ... 7 more ... | "totalGSM">'.
                      Type 'FieldValues' is missing the following properties from type 'Omit<{ itemType: "Film" | "Paper"; mill: string; quality: string; rollWidthMM: number; purchaseUnit: string; stockUnit: string; purchaseRate: number; hsnCode: string; itemCode?: string | undefined; ... 8 more ...; shelfLifeDays?: number | ... 1 more ... | undefined; }, "shelfLifeDays" | ... 7 more ... | "totalGSM">': hsnCode, purchaseUnit, itemType, mill, and 2 more.
src/components/forms/roll-master-form.tsx(529,15): error TS2322: Type 'Control<RollMasterFormValues, any, TFieldValues>' is not assignable to type 'Control<RollMasterFormValues, any, RollMasterFormValues>'.
  The types of '_options.resolver' are incompatible between these types.
    Type 'Resolver<RollMasterFormValues, any, TFieldValues> | undefined' is not assignable to type 'Resolver<RollMasterFormValues, any, RollMasterFormValues> | undefined'.
      Type 'Resolver<RollMasterFormValues, any, TFieldValues>' is not assignable to type 'Resolver<RollMasterFormValues, any, RollMasterFormValues>'.
        Type 'ResolverResult<RollMasterFormValues, TFieldValues> | Promise<ResolverResult<RollMasterFormValues, TFieldValues>>' is not assignable to type 'ResolverResult<RollMasterFormValues, RollMasterFormValues> | Promise<ResolverResult<RollMasterFormValues, RollMasterFormValues>>'.
          Type 'ResolverSuccess<TFieldValues>' is not assignable to type 'ResolverResult<RollMasterFormValues, RollMasterFormValues> | Promise<ResolverResult<RollMasterFormValues, RollMasterFormValues>>'.
            Type 'ResolverSuccess<TFieldValues>' is not assignable to type 'ResolverSuccess<RollMasterFormValues>'.
              Type 'TFieldValues' is not assignable to type 'RollMasterFormValues'.
                Type 'FieldValues' is not assignable to type 'RollMasterFormValues'.
                  Type 'FieldValues' is missing the following properties from type 'Omit<{ itemType: "Film" | "Paper"; mill: string; quality: string; rollWidthMM: number; purchaseUnit: string; stockUnit: string; purchaseRate: number; hsnCode: string; itemCode?: string | undefined; ... 8 more ...; shelfLifeDays?: number | ... 1 more ... | undefined; }, "shelfLifeDays" | ... 7 more ... | "totalGSM">': hsnCode, purchaseUnit, itemType, mill, and 2 more.
                    Type 'TFieldValues' is not assignable to type 'Omit<{ itemType: "Film" | "Paper"; mill: string; quality: string; rollWidthMM: number; purchaseUnit: string; stockUnit: string; purchaseRate: number; hsnCode: string; itemCode?: string | undefined; ... 8 more ...; shelfLifeDays?: number | ... 1 more ... | undefined; }, "shelfLifeDays" | ... 7 more ... | "totalGSM">'.
                      Type 'FieldValues' is missing the following properties from type 'Omit<{ itemType: "Film" | "Paper"; mill: string; quality: string; rollWidthMM: number; purchaseUnit: string; stockUnit: string; purchaseRate: number; hsnCode: string; itemCode?: string | undefined; ... 8 more ...; shelfLifeDays?: number | ... 1 more ... | undefined; }, "shelfLifeDays" | ... 7 more ... | "totalGSM">': hsnCode, purchaseUnit, itemType, mill, and 2 more.
src/components/forms/roll-master-form.tsx(547,15): error TS2322: Type 'Control<RollMasterFormValues, any, TFieldValues>' is not assignable to type 'Control<RollMasterFormValues, any, RollMasterFormValues>'.
  The types of '_options.resolver' are incompatible between these types.
    Type 'Resolver<RollMasterFormValues, any, TFieldValues> | undefined' is not assignable to type 'Resolver<RollMasterFormValues, any, RollMasterFormValues> | undefined'.
      Type 'Resolver<RollMasterFormValues, any, TFieldValues>' is not assignable to type 'Resolver<RollMasterFormValues, any, RollMasterFormValues>'.
        Type 'ResolverResult<RollMasterFormValues, TFieldValues> | Promise<ResolverResult<RollMasterFormValues, TFieldValues>>' is not assignable to type 'ResolverResult<RollMasterFormValues, RollMasterFormValues> | Promise<ResolverResult<RollMasterFormValues, RollMasterFormValues>>'.
          Type 'ResolverSuccess<TFieldValues>' is not assignable to type 'ResolverResult<RollMasterFormValues, RollMasterFormValues> | Promise<ResolverResult<RollMasterFormValues, RollMasterFormValues>>'.
            Type 'ResolverSuccess<TFieldValues>' is not assignable to type 'ResolverSuccess<RollMasterFormValues>'.
              Type 'TFieldValues' is not assignable to type 'RollMasterFormValues'.
                Type 'FieldValues' is not assignable to type 'RollMasterFormValues'.
                  Type 'FieldValues' is missing the following properties from type 'Omit<{ itemType: "Film" | "Paper"; mill: string; quality: string; rollWidthMM: number; purchaseUnit: string; stockUnit: string; purchaseRate: number; hsnCode: string; itemCode?: string | undefined; ... 8 more ...; shelfLifeDays?: number | ... 1 more ... | undefined; }, "shelfLifeDays" | ... 7 more ... | "totalGSM">': hsnCode, purchaseUnit, itemType, mill, and 2 more.
                    Type 'TFieldValues' is not assignable to type 'Omit<{ itemType: "Film" | "Paper"; mill: string; quality: string; rollWidthMM: number; purchaseUnit: string; stockUnit: string; purchaseRate: number; hsnCode: string; itemCode?: string | undefined; ... 8 more ...; shelfLifeDays?: number | ... 1 more ... | undefined; }, "shelfLifeDays" | ... 7 more ... | "totalGSM">'.
                      Type 'FieldValues' is missing the following properties from type 'Omit<{ itemType: "Film" | "Paper"; mill: string; quality: string; rollWidthMM: number; purchaseUnit: string; stockUnit: string; purchaseRate: number; hsnCode: string; itemCode?: string | undefined; ... 8 more ...; shelfLifeDays?: number | ... 1 more ... | undefined; }, "shelfLifeDays" | ... 7 more ... | "totalGSM">': hsnCode, purchaseUnit, itemType, mill, and 2 more.
src/components/forms/roll-master-form.tsx(566,15): error TS2322: Type 'Control<RollMasterFormValues, any, TFieldValues>' is not assignable to type 'Control<RollMasterFormValues, any, RollMasterFormValues>'.
  The types of '_options.resolver' are incompatible between these types.
    Type 'Resolver<RollMasterFormValues, any, TFieldValues> | undefined' is not assignable to type 'Resolver<RollMasterFormValues, any, RollMasterFormValues> | undefined'.
      Type 'Resolver<RollMasterFormValues, any, TFieldValues>' is not assignable to type 'Resolver<RollMasterFormValues, any, RollMasterFormValues>'.
        Type 'ResolverResult<RollMasterFormValues, TFieldValues> | Promise<ResolverResult<RollMasterFormValues, TFieldValues>>' is not assignable to type 'ResolverResult<RollMasterFormValues, RollMasterFormValues> | Promise<ResolverResult<RollMasterFormValues, RollMasterFormValues>>'.
          Type 'ResolverSuccess<TFieldValues>' is not assignable to type 'ResolverResult<RollMasterFormValues, RollMasterFormValues> | Promise<ResolverResult<RollMasterFormValues, RollMasterFormValues>>'.
            Type 'ResolverSuccess<TFieldValues>' is not assignable to type 'ResolverSuccess<RollMasterFormValues>'.
              Type 'TFieldValues' is not assignable to type 'RollMasterFormValues'.
                Type 'FieldValues' is not assignable to type 'RollMasterFormValues'.
                  Type 'FieldValues' is missing the following properties from type 'Omit<{ itemType: "Film" | "Paper"; mill: string; quality: string; rollWidthMM: number; purchaseUnit: string; stockUnit: string; purchaseRate: number; hsnCode: string; itemCode?: string | undefined; ... 8 more ...; shelfLifeDays?: number | ... 1 more ... | undefined; }, "shelfLifeDays" | ... 7 more ... | "totalGSM">': hsnCode, purchaseUnit, itemType, mill, and 2 more.
                    Type 'TFieldValues' is not assignable to type 'Omit<{ itemType: "Film" | "Paper"; mill: string; quality: string; rollWidthMM: number; purchaseUnit: string; stockUnit: string; purchaseRate: number; hsnCode: string; itemCode?: string | undefined; ... 8 more ...; shelfLifeDays?: number | ... 1 more ... | undefined; }, "shelfLifeDays" | ... 7 more ... | "totalGSM">'.
                      Type 'FieldValues' is missing the following properties from type 'Omit<{ itemType: "Film" | "Paper"; mill: string; quality: string; rollWidthMM: number; purchaseUnit: string; stockUnit: string; purchaseRate: number; hsnCode: string; itemCode?: string | undefined; ... 8 more ...; shelfLifeDays?: number | ... 1 more ... | undefined; }, "shelfLifeDays" | ... 7 more ... | "totalGSM">': hsnCode, purchaseUnit, itemType, mill, and 2 more.
src/components/forms/roll-master-form.tsx(585,15): error TS2322: Type 'Control<RollMasterFormValues, any, TFieldValues>' is not assignable to type 'Control<RollMasterFormValues, any, RollMasterFormValues>'.
  The types of '_options.resolver' are incompatible between these types.
    Type 'Resolver<RollMasterFormValues, any, TFieldValues> | undefined' is not assignable to type 'Resolver<RollMasterFormValues, any, RollMasterFormValues> | undefined'.
      Type 'Resolver<RollMasterFormValues, any, TFieldValues>' is not assignable to type 'Resolver<RollMasterFormValues, any, RollMasterFormValues>'.
        Type 'ResolverResult<RollMasterFormValues, TFieldValues> | Promise<ResolverResult<RollMasterFormValues, TFieldValues>>' is not assignable to type 'ResolverResult<RollMasterFormValues, RollMasterFormValues> | Promise<ResolverResult<RollMasterFormValues, RollMasterFormValues>>'.
          Type 'ResolverSuccess<TFieldValues>' is not assignable to type 'ResolverResult<RollMasterFormValues, RollMasterFormValues> | Promise<ResolverResult<RollMasterFormValues, RollMasterFormValues>>'.
            Type 'ResolverSuccess<TFieldValues>' is not assignable to type 'ResolverSuccess<RollMasterFormValues>'.
              Type 'TFieldValues' is not assignable to type 'RollMasterFormValues'.
                Type 'FieldValues' is not assignable to type 'RollMasterFormValues'.
                  Type 'FieldValues' is missing the following properties from type 'Omit<{ itemType: "Film" | "Paper"; mill: string; quality: string; rollWidthMM: number; purchaseUnit: string; stockUnit: string; purchaseRate: number; hsnCode: string; itemCode?: string | undefined; ... 8 more ...; shelfLifeDays?: number | ... 1 more ... | undefined; }, "shelfLifeDays" | ... 7 more ... | "totalGSM">': hsnCode, purchaseUnit, itemType, mill, and 2 more.
                    Type 'TFieldValues' is not assignable to type 'Omit<{ itemType: "Film" | "Paper"; mill: string; quality: string; rollWidthMM: number; purchaseUnit: string; stockUnit: string; purchaseRate: number; hsnCode: string; itemCode?: string | undefined; ... 8 more ...; shelfLifeDays?: number | ... 1 more ... | undefined; }, "shelfLifeDays" | ... 7 more ... | "totalGSM">'.
                      Type 'FieldValues' is missing the following properties from type 'Omit<{ itemType: "Film" | "Paper"; mill: string; quality: string; rollWidthMM: number; purchaseUnit: string; stockUnit: string; purchaseRate: number; hsnCode: string; itemCode?: string | undefined; ... 8 more ...; shelfLifeDays?: number | ... 1 more ... | undefined; }, "shelfLifeDays" | ... 7 more ... | "totalGSM">': hsnCode, purchaseUnit, itemType, mill, and 2 more.
src/components/forms/tool-master-form.tsx(81,5): error TS2322: Type 'Resolver<{ toolPrefix: "PLATES" | "PRINTING CYLINDER" | "ANILOX CYLINDER" | "EMBOSSING CYLINDER" | "FLEXO DIE" | "MAGNETIC CYLINDER"; toolName: string; toolNo?: string | undefined; toolRefCode?: string | undefined; ... 15 more ...; aroundGap?: unknown; }, any, { ...; }>' is not assignable to type 'Resolver<ToolMasterFormValues, any, ToolMasterFormValues>'.
  Types of parameters 'options' and 'options' are incompatible.
    Type 'ResolverOptions<ToolMasterFormValues>' is not assignable to type 'ResolverOptions<{ toolPrefix: "PLATES" | "PRINTING CYLINDER" | "ANILOX CYLINDER" | "EMBOSSING CYLINDER" | "FLEXO DIE" | "MAGNETIC CYLINDER"; toolName: string; toolNo?: string | undefined; toolRefCode?: string | undefined; ... 15 more ...; aroundGap?: unknown; }>'.
      Type '{ toolPrefix: "PLATES" | "PRINTING CYLINDER" | "ANILOX CYLINDER" | "EMBOSSING CYLINDER" | "FLEXO DIE" | "MAGNETIC CYLINDER"; toolName: string; toolNo?: string | undefined; toolRefCode?: string | undefined; ... 15 more ...; aroundGap?: unknown; }' is not assignable to type 'ToolMasterFormValues'.
        Type '{ toolPrefix: "PLATES" | "PRINTING CYLINDER" | "ANILOX CYLINDER" | "EMBOSSING CYLINDER" | "FLEXO DIE" | "MAGNETIC CYLINDER"; toolName: string; toolNo?: string | undefined; toolRefCode?: string | undefined; ... 15 more ...; aroundGap?: unknown; }' is not assignable to type '{ purchaseRate: string | number; noOfTeeth?: string | number | undefined; circumferenceMM?: string | number | undefined; circumferenceInch?: string | number | undefined; acrossUps?: string | ... 1 more ... | undefined; aroundUps?: string | ... 1 more ... | undefined; acrossGap?: string | ... 1 more ... | undefined; ...'.
          Types of property 'purchaseRate' are incompatible.
            Type 'unknown' is not assignable to type 'string | number'.
src/components/forms/tool-master-form.tsx(243,43): error TS2345: Argument of type '(data: ToolMasterFormValues) => Promise<void>' is not assignable to parameter of type 'SubmitHandler<TFieldValues>'.
  Types of parameters 'data' and 'data' are incompatible.
    Type 'TFieldValues' is not assignable to type 'ToolMasterFormValues'.
      Type 'FieldValues' is not assignable to type 'ToolMasterFormValues'.
        Type 'FieldValues' is missing the following properties from type 'Omit<{ toolPrefix: "PLATES" | "PRINTING CYLINDER" | "ANILOX CYLINDER" | "EMBOSSING CYLINDER" | "FLEXO DIE" | "MAGNETIC CYLINDER"; toolName: string; toolNo?: string | undefined; toolRefCode?: string | undefined; ... 15 more ...; aroundGap?: number | ... 1 more ... | undefined; }, "purchaseRate" | ... 6 more ... | "ar...': toolPrefix, toolName
          Type 'TFieldValues' is not assignable to type 'Omit<{ toolPrefix: "PLATES" | "PRINTING CYLINDER" | "ANILOX CYLINDER" | "EMBOSSING CYLINDER" | "FLEXO DIE" | "MAGNETIC CYLINDER"; toolName: string; toolNo?: string | undefined; toolRefCode?: string | undefined; ... 15 more ...; aroundGap?: number | ... 1 more ... | undefined; }, "purchaseRate" | ... 6 more ... | "ar...'.
            Type 'FieldValues' is missing the following properties from type 'Omit<{ toolPrefix: "PLATES" | "PRINTING CYLINDER" | "ANILOX CYLINDER" | "EMBOSSING CYLINDER" | "FLEXO DIE" | "MAGNETIC CYLINDER"; toolName: string; toolNo?: string | undefined; toolRefCode?: string | undefined; ... 15 more ...; aroundGap?: number | ... 1 more ... | undefined; }, "purchaseRate" | ... 6 more ... | "ar...': toolPrefix, toolName
src/components/forms/tool-master-form.tsx(248,15): error TS2322: Type 'Control<ToolMasterFormValues, any, TFieldValues>' is not assignable to type 'Control<ToolMasterFormValues, any, ToolMasterFormValues>'.
  The types of '_options.resolver' are incompatible between these types.
    Type 'Resolver<ToolMasterFormValues, any, TFieldValues> | undefined' is not assignable to type 'Resolver<ToolMasterFormValues, any, ToolMasterFormValues> | undefined'.
      Type 'Resolver<ToolMasterFormValues, any, TFieldValues>' is not assignable to type 'Resolver<ToolMasterFormValues, any, ToolMasterFormValues>'.
        Type 'ResolverResult<ToolMasterFormValues, TFieldValues> | Promise<ResolverResult<ToolMasterFormValues, TFieldValues>>' is not assignable to type 'ResolverResult<ToolMasterFormValues, ToolMasterFormValues> | Promise<ResolverResult<ToolMasterFormValues, ToolMasterFormValues>>'.
          Type 'ResolverSuccess<TFieldValues>' is not assignable to type 'ResolverResult<ToolMasterFormValues, ToolMasterFormValues> | Promise<ResolverResult<ToolMasterFormValues, ToolMasterFormValues>>'.
            Type 'ResolverSuccess<TFieldValues>' is not assignable to type 'ResolverSuccess<ToolMasterFormValues>'.
              Type 'TFieldValues' is not assignable to type 'ToolMasterFormValues'.
                Type 'FieldValues' is not assignable to type 'ToolMasterFormValues'.
                  Type 'FieldValues' is missing the following properties from type 'Omit<{ toolPrefix: "PLATES" | "PRINTING CYLINDER" | "ANILOX CYLINDER" | "EMBOSSING CYLINDER" | "FLEXO DIE" | "MAGNETIC CYLINDER"; toolName: string; toolNo?: string | undefined; toolRefCode?: string | undefined; ... 15 more ...; aroundGap?: number | ... 1 more ... | undefined; }, "purchaseRate" | ... 6 more ... | "ar...': toolPrefix, toolName
                    Type 'TFieldValues' is not assignable to type 'Omit<{ toolPrefix: "PLATES" | "PRINTING CYLINDER" | "ANILOX CYLINDER" | "EMBOSSING CYLINDER" | "FLEXO DIE" | "MAGNETIC CYLINDER"; toolName: string; toolNo?: string | undefined; toolRefCode?: string | undefined; ... 15 more ...; aroundGap?: number | ... 1 more ... | undefined; }, "purchaseRate" | ... 6 more ... | "ar...'.
                      Type 'FieldValues' is missing the following properties from type 'Omit<{ toolPrefix: "PLATES" | "PRINTING CYLINDER" | "ANILOX CYLINDER" | "EMBOSSING CYLINDER" | "FLEXO DIE" | "MAGNETIC CYLINDER"; toolName: string; toolNo?: string | undefined; toolRefCode?: string | undefined; ... 15 more ...; aroundGap?: number | ... 1 more ... | undefined; }, "purchaseRate" | ... 6 more ... | "ar...': toolPrefix, toolName
src/components/forms/tool-master-form.tsx(277,15): error TS2322: Type 'Control<ToolMasterFormValues, any, TFieldValues>' is not assignable to type 'Control<ToolMasterFormValues, any, ToolMasterFormValues>'.
  The types of '_options.resolver' are incompatible between these types.
    Type 'Resolver<ToolMasterFormValues, any, TFieldValues> | undefined' is not assignable to type 'Resolver<ToolMasterFormValues, any, ToolMasterFormValues> | undefined'.
      Type 'Resolver<ToolMasterFormValues, any, TFieldValues>' is not assignable to type 'Resolver<ToolMasterFormValues, any, ToolMasterFormValues>'.
        Type 'ResolverResult<ToolMasterFormValues, TFieldValues> | Promise<ResolverResult<ToolMasterFormValues, TFieldValues>>' is not assignable to type 'ResolverResult<ToolMasterFormValues, ToolMasterFormValues> | Promise<ResolverResult<ToolMasterFormValues, ToolMasterFormValues>>'.
          Type 'ResolverSuccess<TFieldValues>' is not assignable to type 'ResolverResult<ToolMasterFormValues, ToolMasterFormValues> | Promise<ResolverResult<ToolMasterFormValues, ToolMasterFormValues>>'.
            Type 'ResolverSuccess<TFieldValues>' is not assignable to type 'ResolverSuccess<ToolMasterFormValues>'.
              Type 'TFieldValues' is not assignable to type 'ToolMasterFormValues'.
                Type 'FieldValues' is not assignable to type 'ToolMasterFormValues'.
                  Type 'FieldValues' is missing the following properties from type 'Omit<{ toolPrefix: "PLATES" | "PRINTING CYLINDER" | "ANILOX CYLINDER" | "EMBOSSING CYLINDER" | "FLEXO DIE" | "MAGNETIC CYLINDER"; toolName: string; toolNo?: string | undefined; toolRefCode?: string | undefined; ... 15 more ...; aroundGap?: number | ... 1 more ... | undefined; }, "purchaseRate" | ... 6 more ... | "ar...': toolPrefix, toolName
                    Type 'TFieldValues' is not assignable to type 'Omit<{ toolPrefix: "PLATES" | "PRINTING CYLINDER" | "ANILOX CYLINDER" | "EMBOSSING CYLINDER" | "FLEXO DIE" | "MAGNETIC CYLINDER"; toolName: string; toolNo?: string | undefined; toolRefCode?: string | undefined; ... 15 more ...; aroundGap?: number | ... 1 more ... | undefined; }, "purchaseRate" | ... 6 more ... | "ar...'.
                      Type 'FieldValues' is missing the following properties from type 'Omit<{ toolPrefix: "PLATES" | "PRINTING CYLINDER" | "ANILOX CYLINDER" | "EMBOSSING CYLINDER" | "FLEXO DIE" | "MAGNETIC CYLINDER"; toolName: string; toolNo?: string | undefined; toolRefCode?: string | undefined; ... 15 more ...; aroundGap?: number | ... 1 more ... | undefined; }, "purchaseRate" | ... 6 more ... | "ar...': toolPrefix, toolName
src/components/forms/tool-master-form.tsx(312,15): error TS2322: Type 'Control<ToolMasterFormValues, any, TFieldValues>' is not assignable to type 'Control<ToolMasterFormValues, any, ToolMasterFormValues>'.
  The types of '_options.resolver' are incompatible between these types.
    Type 'Resolver<ToolMasterFormValues, any, TFieldValues> | undefined' is not assignable to type 'Resolver<ToolMasterFormValues, any, ToolMasterFormValues> | undefined'.
      Type 'Resolver<ToolMasterFormValues, any, TFieldValues>' is not assignable to type 'Resolver<ToolMasterFormValues, any, ToolMasterFormValues>'.
        Type 'ResolverResult<ToolMasterFormValues, TFieldValues> | Promise<ResolverResult<ToolMasterFormValues, TFieldValues>>' is not assignable to type 'ResolverResult<ToolMasterFormValues, ToolMasterFormValues> | Promise<ResolverResult<ToolMasterFormValues, ToolMasterFormValues>>'.
          Type 'ResolverSuccess<TFieldValues>' is not assignable to type 'ResolverResult<ToolMasterFormValues, ToolMasterFormValues> | Promise<ResolverResult<ToolMasterFormValues, ToolMasterFormValues>>'.
            Type 'ResolverSuccess<TFieldValues>' is not assignable to type 'ResolverSuccess<ToolMasterFormValues>'.
              Type 'TFieldValues' is not assignable to type 'ToolMasterFormValues'.
                Type 'FieldValues' is not assignable to type 'ToolMasterFormValues'.
                  Type 'FieldValues' is missing the following properties from type 'Omit<{ toolPrefix: "PLATES" | "PRINTING CYLINDER" | "ANILOX CYLINDER" | "EMBOSSING CYLINDER" | "FLEXO DIE" | "MAGNETIC CYLINDER"; toolName: string; toolNo?: string | undefined; toolRefCode?: string | undefined; ... 15 more ...; aroundGap?: number | ... 1 more ... | undefined; }, "purchaseRate" | ... 6 more ... | "ar...': toolPrefix, toolName
                    Type 'TFieldValues' is not assignable to type 'Omit<{ toolPrefix: "PLATES" | "PRINTING CYLINDER" | "ANILOX CYLINDER" | "EMBOSSING CYLINDER" | "FLEXO DIE" | "MAGNETIC CYLINDER"; toolName: string; toolNo?: string | undefined; toolRefCode?: string | undefined; ... 15 more ...; aroundGap?: number | ... 1 more ... | undefined; }, "purchaseRate" | ... 6 more ... | "ar...'.
                      Type 'FieldValues' is missing the following properties from type 'Omit<{ toolPrefix: "PLATES" | "PRINTING CYLINDER" | "ANILOX CYLINDER" | "EMBOSSING CYLINDER" | "FLEXO DIE" | "MAGNETIC CYLINDER"; toolName: string; toolNo?: string | undefined; toolRefCode?: string | undefined; ... 15 more ...; aroundGap?: number | ... 1 more ... | undefined; }, "purchaseRate" | ... 6 more ... | "ar...': toolPrefix, toolName
src/components/forms/tool-master-form.tsx(327,15): error TS2322: Type 'Control<ToolMasterFormValues, any, TFieldValues>' is not assignable to type 'Control<ToolMasterFormValues, any, ToolMasterFormValues>'.
  The types of '_options.resolver' are incompatible between these types.
    Type 'Resolver<ToolMasterFormValues, any, TFieldValues> | undefined' is not assignable to type 'Resolver<ToolMasterFormValues, any, ToolMasterFormValues> | undefined'.
      Type 'Resolver<ToolMasterFormValues, any, TFieldValues>' is not assignable to type 'Resolver<ToolMasterFormValues, any, ToolMasterFormValues>'.
        Type 'ResolverResult<ToolMasterFormValues, TFieldValues> | Promise<ResolverResult<ToolMasterFormValues, TFieldValues>>' is not assignable to type 'ResolverResult<ToolMasterFormValues, ToolMasterFormValues> | Promise<ResolverResult<ToolMasterFormValues, ToolMasterFormValues>>'.
          Type 'ResolverSuccess<TFieldValues>' is not assignable to type 'ResolverResult<ToolMasterFormValues, ToolMasterFormValues> | Promise<ResolverResult<ToolMasterFormValues, ToolMasterFormValues>>'.
            Type 'ResolverSuccess<TFieldValues>' is not assignable to type 'ResolverSuccess<ToolMasterFormValues>'.
              Type 'TFieldValues' is not assignable to type 'ToolMasterFormValues'.
                Type 'FieldValues' is not assignable to type 'ToolMasterFormValues'.
                  Type 'FieldValues' is missing the following properties from type 'Omit<{ toolPrefix: "PLATES" | "PRINTING CYLINDER" | "ANILOX CYLINDER" | "EMBOSSING CYLINDER" | "FLEXO DIE" | "MAGNETIC CYLINDER"; toolName: string; toolNo?: string | undefined; toolRefCode?: string | undefined; ... 15 more ...; aroundGap?: number | ... 1 more ... | undefined; }, "purchaseRate" | ... 6 more ... | "ar...': toolPrefix, toolName
                    Type 'TFieldValues' is not assignable to type 'Omit<{ toolPrefix: "PLATES" | "PRINTING CYLINDER" | "ANILOX CYLINDER" | "EMBOSSING CYLINDER" | "FLEXO DIE" | "MAGNETIC CYLINDER"; toolName: string; toolNo?: string | undefined; toolRefCode?: string | undefined; ... 15 more ...; aroundGap?: number | ... 1 more ... | undefined; }, "purchaseRate" | ... 6 more ... | "ar...'.
                      Type 'FieldValues' is missing the following properties from type 'Omit<{ toolPrefix: "PLATES" | "PRINTING CYLINDER" | "ANILOX CYLINDER" | "EMBOSSING CYLINDER" | "FLEXO DIE" | "MAGNETIC CYLINDER"; toolName: string; toolNo?: string | undefined; toolRefCode?: string | undefined; ... 15 more ...; aroundGap?: number | ... 1 more ... | undefined; }, "purchaseRate" | ... 6 more ... | "ar...': toolPrefix, toolName
src/components/forms/tool-master-form.tsx(344,19): error TS2322: Type 'Control<ToolMasterFormValues, any, TFieldValues>' is not assignable to type 'Control<ToolMasterFormValues, any, ToolMasterFormValues>'.
  The types of '_options.resolver' are incompatible between these types.
    Type 'Resolver<ToolMasterFormValues, any, TFieldValues> | undefined' is not assignable to type 'Resolver<ToolMasterFormValues, any, ToolMasterFormValues> | undefined'.
      Type 'Resolver<ToolMasterFormValues, any, TFieldValues>' is not assignable to type 'Resolver<ToolMasterFormValues, any, ToolMasterFormValues>'.
        Type 'ResolverResult<ToolMasterFormValues, TFieldValues> | Promise<ResolverResult<ToolMasterFormValues, TFieldValues>>' is not assignable to type 'ResolverResult<ToolMasterFormValues, ToolMasterFormValues> | Promise<ResolverResult<ToolMasterFormValues, ToolMasterFormValues>>'.
          Type 'ResolverSuccess<TFieldValues>' is not assignable to type 'ResolverResult<ToolMasterFormValues, ToolMasterFormValues> | Promise<ResolverResult<ToolMasterFormValues, ToolMasterFormValues>>'.
            Type 'ResolverSuccess<TFieldValues>' is not assignable to type 'ResolverSuccess<ToolMasterFormValues>'.
              Type 'TFieldValues' is not assignable to type 'ToolMasterFormValues'.
                Type 'FieldValues' is not assignable to type 'ToolMasterFormValues'.
                  Type 'FieldValues' is missing the following properties from type 'Omit<{ toolPrefix: "PLATES" | "PRINTING CYLINDER" | "ANILOX CYLINDER" | "EMBOSSING CYLINDER" | "FLEXO DIE" | "MAGNETIC CYLINDER"; toolName: string; toolNo?: string | undefined; toolRefCode?: string | undefined; ... 15 more ...; aroundGap?: number | ... 1 more ... | undefined; }, "purchaseRate" | ... 6 more ... | "ar...': toolPrefix, toolName
                    Type 'TFieldValues' is not assignable to type 'Omit<{ toolPrefix: "PLATES" | "PRINTING CYLINDER" | "ANILOX CYLINDER" | "EMBOSSING CYLINDER" | "FLEXO DIE" | "MAGNETIC CYLINDER"; toolName: string; toolNo?: string | undefined; toolRefCode?: string | undefined; ... 15 more ...; aroundGap?: number | ... 1 more ... | undefined; }, "purchaseRate" | ... 6 more ... | "ar...'.
                      Type 'FieldValues' is missing the following properties from type 'Omit<{ toolPrefix: "PLATES" | "PRINTING CYLINDER" | "ANILOX CYLINDER" | "EMBOSSING CYLINDER" | "FLEXO DIE" | "MAGNETIC CYLINDER"; toolName: string; toolNo?: string | undefined; toolRefCode?: string | undefined; ... 15 more ...; aroundGap?: number | ... 1 more ... | undefined; }, "purchaseRate" | ... 6 more ... | "ar...': toolPrefix, toolName
src/components/forms/tool-master-form.tsx(357,19): error TS2322: Type 'Control<ToolMasterFormValues, any, TFieldValues>' is not assignable to type 'Control<ToolMasterFormValues, any, ToolMasterFormValues>'.
  The types of '_options.resolver' are incompatible between these types.
    Type 'Resolver<ToolMasterFormValues, any, TFieldValues> | undefined' is not assignable to type 'Resolver<ToolMasterFormValues, any, ToolMasterFormValues> | undefined'.
      Type 'Resolver<ToolMasterFormValues, any, TFieldValues>' is not assignable to type 'Resolver<ToolMasterFormValues, any, ToolMasterFormValues>'.
        Type 'ResolverResult<ToolMasterFormValues, TFieldValues> | Promise<ResolverResult<ToolMasterFormValues, TFieldValues>>' is not assignable to type 'ResolverResult<ToolMasterFormValues, ToolMasterFormValues> | Promise<ResolverResult<ToolMasterFormValues, ToolMasterFormValues>>'.
          Type 'ResolverSuccess<TFieldValues>' is not assignable to type 'ResolverResult<ToolMasterFormValues, ToolMasterFormValues> | Promise<ResolverResult<ToolMasterFormValues, ToolMasterFormValues>>'.
            Type 'ResolverSuccess<TFieldValues>' is not assignable to type 'ResolverSuccess<ToolMasterFormValues>'.
              Type 'TFieldValues' is not assignable to type 'ToolMasterFormValues'.
                Type 'FieldValues' is not assignable to type 'ToolMasterFormValues'.
                  Type 'FieldValues' is missing the following properties from type 'Omit<{ toolPrefix: "PLATES" | "PRINTING CYLINDER" | "ANILOX CYLINDER" | "EMBOSSING CYLINDER" | "FLEXO DIE" | "MAGNETIC CYLINDER"; toolName: string; toolNo?: string | undefined; toolRefCode?: string | undefined; ... 15 more ...; aroundGap?: number | ... 1 more ... | undefined; }, "purchaseRate" | ... 6 more ... | "ar...': toolPrefix, toolName
                    Type 'TFieldValues' is not assignable to type 'Omit<{ toolPrefix: "PLATES" | "PRINTING CYLINDER" | "ANILOX CYLINDER" | "EMBOSSING CYLINDER" | "FLEXO DIE" | "MAGNETIC CYLINDER"; toolName: string; toolNo?: string | undefined; toolRefCode?: string | undefined; ... 15 more ...; aroundGap?: number | ... 1 more ... | undefined; }, "purchaseRate" | ... 6 more ... | "ar...'.
                      Type 'FieldValues' is missing the following properties from type 'Omit<{ toolPrefix: "PLATES" | "PRINTING CYLINDER" | "ANILOX CYLINDER" | "EMBOSSING CYLINDER" | "FLEXO DIE" | "MAGNETIC CYLINDER"; toolName: string; toolNo?: string | undefined; toolRefCode?: string | undefined; ... 15 more ...; aroundGap?: number | ... 1 more ... | undefined; }, "purchaseRate" | ... 6 more ... | "ar...': toolPrefix, toolName
src/components/forms/tool-master-form.tsx(375,19): error TS2322: Type 'Control<ToolMasterFormValues, any, TFieldValues>' is not assignable to type 'Control<ToolMasterFormValues, any, ToolMasterFormValues>'.
  The types of '_options.resolver' are incompatible between these types.
    Type 'Resolver<ToolMasterFormValues, any, TFieldValues> | undefined' is not assignable to type 'Resolver<ToolMasterFormValues, any, ToolMasterFormValues> | undefined'.
      Type 'Resolver<ToolMasterFormValues, any, TFieldValues>' is not assignable to type 'Resolver<ToolMasterFormValues, any, ToolMasterFormValues>'.
        Type 'ResolverResult<ToolMasterFormValues, TFieldValues> | Promise<ResolverResult<ToolMasterFormValues, TFieldValues>>' is not assignable to type 'ResolverResult<ToolMasterFormValues, ToolMasterFormValues> | Promise<ResolverResult<ToolMasterFormValues, ToolMasterFormValues>>'.
          Type 'ResolverSuccess<TFieldValues>' is not assignable to type 'ResolverResult<ToolMasterFormValues, ToolMasterFormValues> | Promise<ResolverResult<ToolMasterFormValues, ToolMasterFormValues>>'.
            Type 'ResolverSuccess<TFieldValues>' is not assignable to type 'ResolverSuccess<ToolMasterFormValues>'.
              Type 'TFieldValues' is not assignable to type 'ToolMasterFormValues'.
                Type 'FieldValues' is not assignable to type 'ToolMasterFormValues'.
                  Type 'FieldValues' is missing the following properties from type 'Omit<{ toolPrefix: "PLATES" | "PRINTING CYLINDER" | "ANILOX CYLINDER" | "EMBOSSING CYLINDER" | "FLEXO DIE" | "MAGNETIC CYLINDER"; toolName: string; toolNo?: string | undefined; toolRefCode?: string | undefined; ... 15 more ...; aroundGap?: number | ... 1 more ... | undefined; }, "purchaseRate" | ... 6 more ... | "ar...': toolPrefix, toolName
                    Type 'TFieldValues' is not assignable to type 'Omit<{ toolPrefix: "PLATES" | "PRINTING CYLINDER" | "ANILOX CYLINDER" | "EMBOSSING CYLINDER" | "FLEXO DIE" | "MAGNETIC CYLINDER"; toolName: string; toolNo?: string | undefined; toolRefCode?: string | undefined; ... 15 more ...; aroundGap?: number | ... 1 more ... | undefined; }, "purchaseRate" | ... 6 more ... | "ar...'.
                      Type 'FieldValues' is missing the following properties from type 'Omit<{ toolPrefix: "PLATES" | "PRINTING CYLINDER" | "ANILOX CYLINDER" | "EMBOSSING CYLINDER" | "FLEXO DIE" | "MAGNETIC CYLINDER"; toolName: string; toolNo?: string | undefined; toolRefCode?: string | undefined; ... 15 more ...; aroundGap?: number | ... 1 more ... | undefined; }, "purchaseRate" | ... 6 more ... | "ar...': toolPrefix, toolName
src/components/forms/tool-master-form.tsx(388,19): error TS2322: Type 'Control<ToolMasterFormValues, any, TFieldValues>' is not assignable to type 'Control<ToolMasterFormValues, any, ToolMasterFormValues>'.
  The types of '_options.resolver' are incompatible between these types.
    Type 'Resolver<ToolMasterFormValues, any, TFieldValues> | undefined' is not assignable to type 'Resolver<ToolMasterFormValues, any, ToolMasterFormValues> | undefined'.
      Type 'Resolver<ToolMasterFormValues, any, TFieldValues>' is not assignable to type 'Resolver<ToolMasterFormValues, any, ToolMasterFormValues>'.
        Type 'ResolverResult<ToolMasterFormValues, TFieldValues> | Promise<ResolverResult<ToolMasterFormValues, TFieldValues>>' is not assignable to type 'ResolverResult<ToolMasterFormValues, ToolMasterFormValues> | Promise<ResolverResult<ToolMasterFormValues, ToolMasterFormValues>>'.
          Type 'ResolverSuccess<TFieldValues>' is not assignable to type 'ResolverResult<ToolMasterFormValues, ToolMasterFormValues> | Promise<ResolverResult<ToolMasterFormValues, ToolMasterFormValues>>'.
            Type 'ResolverSuccess<TFieldValues>' is not assignable to type 'ResolverSuccess<ToolMasterFormValues>'.
              Type 'TFieldValues' is not assignable to type 'ToolMasterFormValues'.
                Type 'FieldValues' is not assignable to type 'ToolMasterFormValues'.
                  Type 'FieldValues' is missing the following properties from type 'Omit<{ toolPrefix: "PLATES" | "PRINTING CYLINDER" | "ANILOX CYLINDER" | "EMBOSSING CYLINDER" | "FLEXO DIE" | "MAGNETIC CYLINDER"; toolName: string; toolNo?: string | undefined; toolRefCode?: string | undefined; ... 15 more ...; aroundGap?: number | ... 1 more ... | undefined; }, "purchaseRate" | ... 6 more ... | "ar...': toolPrefix, toolName
                    Type 'TFieldValues' is not assignable to type 'Omit<{ toolPrefix: "PLATES" | "PRINTING CYLINDER" | "ANILOX CYLINDER" | "EMBOSSING CYLINDER" | "FLEXO DIE" | "MAGNETIC CYLINDER"; toolName: string; toolNo?: string | undefined; toolRefCode?: string | undefined; ... 15 more ...; aroundGap?: number | ... 1 more ... | undefined; }, "purchaseRate" | ... 6 more ... | "ar...'.
                      Type 'FieldValues' is missing the following properties from type 'Omit<{ toolPrefix: "PLATES" | "PRINTING CYLINDER" | "ANILOX CYLINDER" | "EMBOSSING CYLINDER" | "FLEXO DIE" | "MAGNETIC CYLINDER"; toolName: string; toolNo?: string | undefined; toolRefCode?: string | undefined; ... 15 more ...; aroundGap?: number | ... 1 more ... | undefined; }, "purchaseRate" | ... 6 more ... | "ar...': toolPrefix, toolName
src/components/forms/tool-master-form.tsx(406,19): error TS2322: Type 'Control<ToolMasterFormValues, any, TFieldValues>' is not assignable to type 'Control<ToolMasterFormValues, any, ToolMasterFormValues>'.
  The types of '_options.resolver' are incompatible between these types.
    Type 'Resolver<ToolMasterFormValues, any, TFieldValues> | undefined' is not assignable to type 'Resolver<ToolMasterFormValues, any, ToolMasterFormValues> | undefined'.
      Type 'Resolver<ToolMasterFormValues, any, TFieldValues>' is not assignable to type 'Resolver<ToolMasterFormValues, any, ToolMasterFormValues>'.
        Type 'ResolverResult<ToolMasterFormValues, TFieldValues> | Promise<ResolverResult<ToolMasterFormValues, TFieldValues>>' is not assignable to type 'ResolverResult<ToolMasterFormValues, ToolMasterFormValues> | Promise<ResolverResult<ToolMasterFormValues, ToolMasterFormValues>>'.
          Type 'ResolverSuccess<TFieldValues>' is not assignable to type 'ResolverResult<ToolMasterFormValues, ToolMasterFormValues> | Promise<ResolverResult<ToolMasterFormValues, ToolMasterFormValues>>'.
            Type 'ResolverSuccess<TFieldValues>' is not assignable to type 'ResolverSuccess<ToolMasterFormValues>'.
              Type 'TFieldValues' is not assignable to type 'ToolMasterFormValues'.
                Type 'FieldValues' is not assignable to type 'ToolMasterFormValues'.
                  Type 'FieldValues' is missing the following properties from type 'Omit<{ toolPrefix: "PLATES" | "PRINTING CYLINDER" | "ANILOX CYLINDER" | "EMBOSSING CYLINDER" | "FLEXO DIE" | "MAGNETIC CYLINDER"; toolName: string; toolNo?: string | undefined; toolRefCode?: string | undefined; ... 15 more ...; aroundGap?: number | ... 1 more ... | undefined; }, "purchaseRate" | ... 6 more ... | "ar...': toolPrefix, toolName
                    Type 'TFieldValues' is not assignable to type 'Omit<{ toolPrefix: "PLATES" | "PRINTING CYLINDER" | "ANILOX CYLINDER" | "EMBOSSING CYLINDER" | "FLEXO DIE" | "MAGNETIC CYLINDER"; toolName: string; toolNo?: string | undefined; toolRefCode?: string | undefined; ... 15 more ...; aroundGap?: number | ... 1 more ... | undefined; }, "purchaseRate" | ... 6 more ... | "ar...'.
                      Type 'FieldValues' is missing the following properties from type 'Omit<{ toolPrefix: "PLATES" | "PRINTING CYLINDER" | "ANILOX CYLINDER" | "EMBOSSING CYLINDER" | "FLEXO DIE" | "MAGNETIC CYLINDER"; toolName: string; toolNo?: string | undefined; toolRefCode?: string | undefined; ... 15 more ...; aroundGap?: number | ... 1 more ... | undefined; }, "purchaseRate" | ... 6 more ... | "ar...': toolPrefix, toolName
src/components/forms/tool-master-form.tsx(419,19): error TS2322: Type 'Control<ToolMasterFormValues, any, TFieldValues>' is not assignable to type 'Control<ToolMasterFormValues, any, ToolMasterFormValues>'.
  The types of '_options.resolver' are incompatible between these types.
    Type 'Resolver<ToolMasterFormValues, any, TFieldValues> | undefined' is not assignable to type 'Resolver<ToolMasterFormValues, any, ToolMasterFormValues> | undefined'.
      Type 'Resolver<ToolMasterFormValues, any, TFieldValues>' is not assignable to type 'Resolver<ToolMasterFormValues, any, ToolMasterFormValues>'.
        Type 'ResolverResult<ToolMasterFormValues, TFieldValues> | Promise<ResolverResult<ToolMasterFormValues, TFieldValues>>' is not assignable to type 'ResolverResult<ToolMasterFormValues, ToolMasterFormValues> | Promise<ResolverResult<ToolMasterFormValues, ToolMasterFormValues>>'.
          Type 'ResolverSuccess<TFieldValues>' is not assignable to type 'ResolverResult<ToolMasterFormValues, ToolMasterFormValues> | Promise<ResolverResult<ToolMasterFormValues, ToolMasterFormValues>>'.
            Type 'ResolverSuccess<TFieldValues>' is not assignable to type 'ResolverSuccess<ToolMasterFormValues>'.
              Type 'TFieldValues' is not assignable to type 'ToolMasterFormValues'.
                Type 'FieldValues' is not assignable to type 'ToolMasterFormValues'.
                  Type 'FieldValues' is missing the following properties from type 'Omit<{ toolPrefix: "PLATES" | "PRINTING CYLINDER" | "ANILOX CYLINDER" | "EMBOSSING CYLINDER" | "FLEXO DIE" | "MAGNETIC CYLINDER"; toolName: string; toolNo?: string | undefined; toolRefCode?: string | undefined; ... 15 more ...; aroundGap?: number | ... 1 more ... | undefined; }, "purchaseRate" | ... 6 more ... | "ar...': toolPrefix, toolName
                    Type 'TFieldValues' is not assignable to type 'Omit<{ toolPrefix: "PLATES" | "PRINTING CYLINDER" | "ANILOX CYLINDER" | "EMBOSSING CYLINDER" | "FLEXO DIE" | "MAGNETIC CYLINDER"; toolName: string; toolNo?: string | undefined; toolRefCode?: string | undefined; ... 15 more ...; aroundGap?: number | ... 1 more ... | undefined; }, "purchaseRate" | ... 6 more ... | "ar...'.
                      Type 'FieldValues' is missing the following properties from type 'Omit<{ toolPrefix: "PLATES" | "PRINTING CYLINDER" | "ANILOX CYLINDER" | "EMBOSSING CYLINDER" | "FLEXO DIE" | "MAGNETIC CYLINDER"; toolName: string; toolNo?: string | undefined; toolRefCode?: string | undefined; ... 15 more ...; aroundGap?: number | ... 1 more ... | undefined; }, "purchaseRate" | ... 6 more ... | "ar...': toolPrefix, toolName
src/components/forms/tool-master-form.tsx(436,19): error TS2322: Type 'Control<ToolMasterFormValues, any, TFieldValues>' is not assignable to type 'Control<ToolMasterFormValues, any, ToolMasterFormValues>'.
  The types of '_options.resolver' are incompatible between these types.
    Type 'Resolver<ToolMasterFormValues, any, TFieldValues> | undefined' is not assignable to type 'Resolver<ToolMasterFormValues, any, ToolMasterFormValues> | undefined'.
      Type 'Resolver<ToolMasterFormValues, any, TFieldValues>' is not assignable to type 'Resolver<ToolMasterFormValues, any, ToolMasterFormValues>'.
        Type 'ResolverResult<ToolMasterFormValues, TFieldValues> | Promise<ResolverResult<ToolMasterFormValues, TFieldValues>>' is not assignable to type 'ResolverResult<ToolMasterFormValues, ToolMasterFormValues> | Promise<ResolverResult<ToolMasterFormValues, ToolMasterFormValues>>'.
          Type 'ResolverSuccess<TFieldValues>' is not assignable to type 'ResolverResult<ToolMasterFormValues, ToolMasterFormValues> | Promise<ResolverResult<ToolMasterFormValues, ToolMasterFormValues>>'.
            Type 'ResolverSuccess<TFieldValues>' is not assignable to type 'ResolverSuccess<ToolMasterFormValues>'.
              Type 'TFieldValues' is not assignable to type 'ToolMasterFormValues'.
                Type 'FieldValues' is not assignable to type 'ToolMasterFormValues'.
                  Type 'FieldValues' is missing the following properties from type 'Omit<{ toolPrefix: "PLATES" | "PRINTING CYLINDER" | "ANILOX CYLINDER" | "EMBOSSING CYLINDER" | "FLEXO DIE" | "MAGNETIC CYLINDER"; toolName: string; toolNo?: string | undefined; toolRefCode?: string | undefined; ... 15 more ...; aroundGap?: number | ... 1 more ... | undefined; }, "purchaseRate" | ... 6 more ... | "ar...': toolPrefix, toolName
                    Type 'TFieldValues' is not assignable to type 'Omit<{ toolPrefix: "PLATES" | "PRINTING CYLINDER" | "ANILOX CYLINDER" | "EMBOSSING CYLINDER" | "FLEXO DIE" | "MAGNETIC CYLINDER"; toolName: string; toolNo?: string | undefined; toolRefCode?: string | undefined; ... 15 more ...; aroundGap?: number | ... 1 more ... | undefined; }, "purchaseRate" | ... 6 more ... | "ar...'.
                      Type 'FieldValues' is missing the following properties from type 'Omit<{ toolPrefix: "PLATES" | "PRINTING CYLINDER" | "ANILOX CYLINDER" | "EMBOSSING CYLINDER" | "FLEXO DIE" | "MAGNETIC CYLINDER"; toolName: string; toolNo?: string | undefined; toolRefCode?: string | undefined; ... 15 more ...; aroundGap?: number | ... 1 more ... | undefined; }, "purchaseRate" | ... 6 more ... | "ar...': toolPrefix, toolName
src/components/forms/tool-master-form.tsx(453,19): error TS2322: Type 'Control<ToolMasterFormValues, any, TFieldValues>' is not assignable to type 'Control<ToolMasterFormValues, any, ToolMasterFormValues>'.
  The types of '_options.resolver' are incompatible between these types.
    Type 'Resolver<ToolMasterFormValues, any, TFieldValues> | undefined' is not assignable to type 'Resolver<ToolMasterFormValues, any, ToolMasterFormValues> | undefined'.
      Type 'Resolver<ToolMasterFormValues, any, TFieldValues>' is not assignable to type 'Resolver<ToolMasterFormValues, any, ToolMasterFormValues>'.
        Type 'ResolverResult<ToolMasterFormValues, TFieldValues> | Promise<ResolverResult<ToolMasterFormValues, TFieldValues>>' is not assignable to type 'ResolverResult<ToolMasterFormValues, ToolMasterFormValues> | Promise<ResolverResult<ToolMasterFormValues, ToolMasterFormValues>>'.
          Type 'ResolverSuccess<TFieldValues>' is not assignable to type 'ResolverResult<ToolMasterFormValues, ToolMasterFormValues> | Promise<ResolverResult<ToolMasterFormValues, ToolMasterFormValues>>'.
            Type 'ResolverSuccess<TFieldValues>' is not assignable to type 'ResolverSuccess<ToolMasterFormValues>'.
              Type 'TFieldValues' is not assignable to type 'ToolMasterFormValues'.
                Type 'FieldValues' is not assignable to type 'ToolMasterFormValues'.
                  Type 'FieldValues' is missing the following properties from type 'Omit<{ toolPrefix: "PLATES" | "PRINTING CYLINDER" | "ANILOX CYLINDER" | "EMBOSSING CYLINDER" | "FLEXO DIE" | "MAGNETIC CYLINDER"; toolName: string; toolNo?: string | undefined; toolRefCode?: string | undefined; ... 15 more ...; aroundGap?: number | ... 1 more ... | undefined; }, "purchaseRate" | ... 6 more ... | "ar...': toolPrefix, toolName
                    Type 'TFieldValues' is not assignable to type 'Omit<{ toolPrefix: "PLATES" | "PRINTING CYLINDER" | "ANILOX CYLINDER" | "EMBOSSING CYLINDER" | "FLEXO DIE" | "MAGNETIC CYLINDER"; toolName: string; toolNo?: string | undefined; toolRefCode?: string | undefined; ... 15 more ...; aroundGap?: number | ... 1 more ... | undefined; }, "purchaseRate" | ... 6 more ... | "ar...'.
                      Type 'FieldValues' is missing the following properties from type 'Omit<{ toolPrefix: "PLATES" | "PRINTING CYLINDER" | "ANILOX CYLINDER" | "EMBOSSING CYLINDER" | "FLEXO DIE" | "MAGNETIC CYLINDER"; toolName: string; toolNo?: string | undefined; toolRefCode?: string | undefined; ... 15 more ...; aroundGap?: number | ... 1 more ... | undefined; }, "purchaseRate" | ... 6 more ... | "ar...': toolPrefix, toolName
src/components/forms/tool-master-form.tsx(471,19): error TS2322: Type 'Control<ToolMasterFormValues, any, TFieldValues>' is not assignable to type 'Control<ToolMasterFormValues, any, ToolMasterFormValues>'.
  The types of '_options.resolver' are incompatible between these types.
    Type 'Resolver<ToolMasterFormValues, any, TFieldValues> | undefined' is not assignable to type 'Resolver<ToolMasterFormValues, any, ToolMasterFormValues> | undefined'.
      Type 'Resolver<ToolMasterFormValues, any, TFieldValues>' is not assignable to type 'Resolver<ToolMasterFormValues, any, ToolMasterFormValues>'.
        Type 'ResolverResult<ToolMasterFormValues, TFieldValues> | Promise<ResolverResult<ToolMasterFormValues, TFieldValues>>' is not assignable to type 'ResolverResult<ToolMasterFormValues, ToolMasterFormValues> | Promise<ResolverResult<ToolMasterFormValues, ToolMasterFormValues>>'.
          Type 'ResolverSuccess<TFieldValues>' is not assignable to type 'ResolverResult<ToolMasterFormValues, ToolMasterFormValues> | Promise<ResolverResult<ToolMasterFormValues, ToolMasterFormValues>>'.
            Type 'ResolverSuccess<TFieldValues>' is not assignable to type 'ResolverSuccess<ToolMasterFormValues>'.
              Type 'TFieldValues' is not assignable to type 'ToolMasterFormValues'.
                Type 'FieldValues' is not assignable to type 'ToolMasterFormValues'.
                  Type 'FieldValues' is missing the following properties from type 'Omit<{ toolPrefix: "PLATES" | "PRINTING CYLINDER" | "ANILOX CYLINDER" | "EMBOSSING CYLINDER" | "FLEXO DIE" | "MAGNETIC CYLINDER"; toolName: string; toolNo?: string | undefined; toolRefCode?: string | undefined; ... 15 more ...; aroundGap?: number | ... 1 more ... | undefined; }, "purchaseRate" | ... 6 more ... | "ar...': toolPrefix, toolName
                    Type 'TFieldValues' is not assignable to type 'Omit<{ toolPrefix: "PLATES" | "PRINTING CYLINDER" | "ANILOX CYLINDER" | "EMBOSSING CYLINDER" | "FLEXO DIE" | "MAGNETIC CYLINDER"; toolName: string; toolNo?: string | undefined; toolRefCode?: string | undefined; ... 15 more ...; aroundGap?: number | ... 1 more ... | undefined; }, "purchaseRate" | ... 6 more ... | "ar...'.
                      Type 'FieldValues' is missing the following properties from type 'Omit<{ toolPrefix: "PLATES" | "PRINTING CYLINDER" | "ANILOX CYLINDER" | "EMBOSSING CYLINDER" | "FLEXO DIE" | "MAGNETIC CYLINDER"; toolName: string; toolNo?: string | undefined; toolRefCode?: string | undefined; ... 15 more ...; aroundGap?: number | ... 1 more ... | undefined; }, "purchaseRate" | ... 6 more ... | "ar...': toolPrefix, toolName
src/components/forms/tool-master-form.tsx(494,15): error TS2322: Type 'Control<ToolMasterFormValues, any, TFieldValues>' is not assignable to type 'Control<ToolMasterFormValues, any, ToolMasterFormValues>'.
  The types of '_options.resolver' are incompatible between these types.
    Type 'Resolver<ToolMasterFormValues, any, TFieldValues> | undefined' is not assignable to type 'Resolver<ToolMasterFormValues, any, ToolMasterFormValues> | undefined'.
      Type 'Resolver<ToolMasterFormValues, any, TFieldValues>' is not assignable to type 'Resolver<ToolMasterFormValues, any, ToolMasterFormValues>'.
        Type 'ResolverResult<ToolMasterFormValues, TFieldValues> | Promise<ResolverResult<ToolMasterFormValues, TFieldValues>>' is not assignable to type 'ResolverResult<ToolMasterFormValues, ToolMasterFormValues> | Promise<ResolverResult<ToolMasterFormValues, ToolMasterFormValues>>'.
          Type 'ResolverSuccess<TFieldValues>' is not assignable to type 'ResolverResult<ToolMasterFormValues, ToolMasterFormValues> | Promise<ResolverResult<ToolMasterFormValues, ToolMasterFormValues>>'.
            Type 'ResolverSuccess<TFieldValues>' is not assignable to type 'ResolverSuccess<ToolMasterFormValues>'.
              Type 'TFieldValues' is not assignable to type 'ToolMasterFormValues'.
                Type 'FieldValues' is not assignable to type 'ToolMasterFormValues'.
                  Type 'FieldValues' is missing the following properties from type 'Omit<{ toolPrefix: "PLATES" | "PRINTING CYLINDER" | "ANILOX CYLINDER" | "EMBOSSING CYLINDER" | "FLEXO DIE" | "MAGNETIC CYLINDER"; toolName: string; toolNo?: string | undefined; toolRefCode?: string | undefined; ... 15 more ...; aroundGap?: number | ... 1 more ... | undefined; }, "purchaseRate" | ... 6 more ... | "ar...': toolPrefix, toolName
                    Type 'TFieldValues' is not assignable to type 'Omit<{ toolPrefix: "PLATES" | "PRINTING CYLINDER" | "ANILOX CYLINDER" | "EMBOSSING CYLINDER" | "FLEXO DIE" | "MAGNETIC CYLINDER"; toolName: string; toolNo?: string | undefined; toolRefCode?: string | undefined; ... 15 more ...; aroundGap?: number | ... 1 more ... | undefined; }, "purchaseRate" | ... 6 more ... | "ar...'.
                      Type 'FieldValues' is missing the following properties from type 'Omit<{ toolPrefix: "PLATES" | "PRINTING CYLINDER" | "ANILOX CYLINDER" | "EMBOSSING CYLINDER" | "FLEXO DIE" | "MAGNETIC CYLINDER"; toolName: string; toolNo?: string | undefined; toolRefCode?: string | undefined; ... 15 more ...; aroundGap?: number | ... 1 more ... | undefined; }, "purchaseRate" | ... 6 more ... | "ar...': toolPrefix, toolName
src/components/forms/tool-master-form.tsx(513,15): error TS2322: Type 'Control<ToolMasterFormValues, any, TFieldValues>' is not assignable to type 'Control<ToolMasterFormValues, any, ToolMasterFormValues>'.
  The types of '_options.resolver' are incompatible between these types.
    Type 'Resolver<ToolMasterFormValues, any, TFieldValues> | undefined' is not assignable to type 'Resolver<ToolMasterFormValues, any, ToolMasterFormValues> | undefined'.
      Type 'Resolver<ToolMasterFormValues, any, TFieldValues>' is not assignable to type 'Resolver<ToolMasterFormValues, any, ToolMasterFormValues>'.
        Type 'ResolverResult<ToolMasterFormValues, TFieldValues> | Promise<ResolverResult<ToolMasterFormValues, TFieldValues>>' is not assignable to type 'ResolverResult<ToolMasterFormValues, ToolMasterFormValues> | Promise<ResolverResult<ToolMasterFormValues, ToolMasterFormValues>>'.
          Type 'ResolverSuccess<TFieldValues>' is not assignable to type 'ResolverResult<ToolMasterFormValues, ToolMasterFormValues> | Promise<ResolverResult<ToolMasterFormValues, ToolMasterFormValues>>'.
            Type 'ResolverSuccess<TFieldValues>' is not assignable to type 'ResolverSuccess<ToolMasterFormValues>'.
              Type 'TFieldValues' is not assignable to type 'ToolMasterFormValues'.
                Type 'FieldValues' is not assignable to type 'ToolMasterFormValues'.
                  Type 'FieldValues' is missing the following properties from type 'Omit<{ toolPrefix: "PLATES" | "PRINTING CYLINDER" | "ANILOX CYLINDER" | "EMBOSSING CYLINDER" | "FLEXO DIE" | "MAGNETIC CYLINDER"; toolName: string; toolNo?: string | undefined; toolRefCode?: string | undefined; ... 15 more ...; aroundGap?: number | ... 1 more ... | undefined; }, "purchaseRate" | ... 6 more ... | "ar...': toolPrefix, toolName
                    Type 'TFieldValues' is not assignable to type 'Omit<{ toolPrefix: "PLATES" | "PRINTING CYLINDER" | "ANILOX CYLINDER" | "EMBOSSING CYLINDER" | "FLEXO DIE" | "MAGNETIC CYLINDER"; toolName: string; toolNo?: string | undefined; toolRefCode?: string | undefined; ... 15 more ...; aroundGap?: number | ... 1 more ... | undefined; }, "purchaseRate" | ... 6 more ... | "ar...'.
                      Type 'FieldValues' is missing the following properties from type 'Omit<{ toolPrefix: "PLATES" | "PRINTING CYLINDER" | "ANILOX CYLINDER" | "EMBOSSING CYLINDER" | "FLEXO DIE" | "MAGNETIC CYLINDER"; toolName: string; toolNo?: string | undefined; toolRefCode?: string | undefined; ... 15 more ...; aroundGap?: number | ... 1 more ... | undefined; }, "purchaseRate" | ... 6 more ... | "ar...': toolPrefix, toolName
src/components/forms/tool-master-form.tsx(533,15): error TS2322: Type 'Control<ToolMasterFormValues, any, TFieldValues>' is not assignable to type 'Control<ToolMasterFormValues, any, ToolMasterFormValues>'.
  The types of '_options.resolver' are incompatible between these types.
    Type 'Resolver<ToolMasterFormValues, any, TFieldValues> | undefined' is not assignable to type 'Resolver<ToolMasterFormValues, any, ToolMasterFormValues> | undefined'.
      Type 'Resolver<ToolMasterFormValues, any, TFieldValues>' is not assignable to type 'Resolver<ToolMasterFormValues, any, ToolMasterFormValues>'.
        Type 'ResolverResult<ToolMasterFormValues, TFieldValues> | Promise<ResolverResult<ToolMasterFormValues, TFieldValues>>' is not assignable to type 'ResolverResult<ToolMasterFormValues, ToolMasterFormValues> | Promise<ResolverResult<ToolMasterFormValues, ToolMasterFormValues>>'.
          Type 'ResolverSuccess<TFieldValues>' is not assignable to type 'ResolverResult<ToolMasterFormValues, ToolMasterFormValues> | Promise<ResolverResult<ToolMasterFormValues, ToolMasterFormValues>>'.
            Type 'ResolverSuccess<TFieldValues>' is not assignable to type 'ResolverSuccess<ToolMasterFormValues>'.
              Type 'TFieldValues' is not assignable to type 'ToolMasterFormValues'.
                Type 'FieldValues' is not assignable to type 'ToolMasterFormValues'.
                  Type 'FieldValues' is missing the following properties from type 'Omit<{ toolPrefix: "PLATES" | "PRINTING CYLINDER" | "ANILOX CYLINDER" | "EMBOSSING CYLINDER" | "FLEXO DIE" | "MAGNETIC CYLINDER"; toolName: string; toolNo?: string | undefined; toolRefCode?: string | undefined; ... 15 more ...; aroundGap?: number | ... 1 more ... | undefined; }, "purchaseRate" | ... 6 more ... | "ar...': toolPrefix, toolName
                    Type 'TFieldValues' is not assignable to type 'Omit<{ toolPrefix: "PLATES" | "PRINTING CYLINDER" | "ANILOX CYLINDER" | "EMBOSSING CYLINDER" | "FLEXO DIE" | "MAGNETIC CYLINDER"; toolName: string; toolNo?: string | undefined; toolRefCode?: string | undefined; ... 15 more ...; aroundGap?: number | ... 1 more ... | undefined; }, "purchaseRate" | ... 6 more ... | "ar...'.
                      Type 'FieldValues' is missing the following properties from type 'Omit<{ toolPrefix: "PLATES" | "PRINTING CYLINDER" | "ANILOX CYLINDER" | "EMBOSSING CYLINDER" | "FLEXO DIE" | "MAGNETIC CYLINDER"; toolName: string; toolNo?: string | undefined; toolRefCode?: string | undefined; ... 15 more ...; aroundGap?: number | ... 1 more ... | undefined; }, "purchaseRate" | ... 6 more ... | "ar...': toolPrefix, toolName
src/components/forms/tool-master-form.tsx(553,15): error TS2322: Type 'Control<ToolMasterFormValues, any, TFieldValues>' is not assignable to type 'Control<ToolMasterFormValues, any, ToolMasterFormValues>'.
  The types of '_options.resolver' are incompatible between these types.
    Type 'Resolver<ToolMasterFormValues, any, TFieldValues> | undefined' is not assignable to type 'Resolver<ToolMasterFormValues, any, ToolMasterFormValues> | undefined'.
      Type 'Resolver<ToolMasterFormValues, any, TFieldValues>' is not assignable to type 'Resolver<ToolMasterFormValues, any, ToolMasterFormValues>'.
        Type 'ResolverResult<ToolMasterFormValues, TFieldValues> | Promise<ResolverResult<ToolMasterFormValues, TFieldValues>>' is not assignable to type 'ResolverResult<ToolMasterFormValues, ToolMasterFormValues> | Promise<ResolverResult<ToolMasterFormValues, ToolMasterFormValues>>'.
          Type 'ResolverSuccess<TFieldValues>' is not assignable to type 'ResolverResult<ToolMasterFormValues, ToolMasterFormValues> | Promise<ResolverResult<ToolMasterFormValues, ToolMasterFormValues>>'.
            Type 'ResolverSuccess<TFieldValues>' is not assignable to type 'ResolverSuccess<ToolMasterFormValues>'.
              Type 'TFieldValues' is not assignable to type 'ToolMasterFormValues'.
                Type 'FieldValues' is not assignable to type 'ToolMasterFormValues'.
                  Type 'FieldValues' is missing the following properties from type 'Omit<{ toolPrefix: "PLATES" | "PRINTING CYLINDER" | "ANILOX CYLINDER" | "EMBOSSING CYLINDER" | "FLEXO DIE" | "MAGNETIC CYLINDER"; toolName: string; toolNo?: string | undefined; toolRefCode?: string | undefined; ... 15 more ...; aroundGap?: number | ... 1 more ... | undefined; }, "purchaseRate" | ... 6 more ... | "ar...': toolPrefix, toolName
                    Type 'TFieldValues' is not assignable to type 'Omit<{ toolPrefix: "PLATES" | "PRINTING CYLINDER" | "ANILOX CYLINDER" | "EMBOSSING CYLINDER" | "FLEXO DIE" | "MAGNETIC CYLINDER"; toolName: string; toolNo?: string | undefined; toolRefCode?: string | undefined; ... 15 more ...; aroundGap?: number | ... 1 more ... | undefined; }, "purchaseRate" | ... 6 more ... | "ar...'.
                      Type 'FieldValues' is missing the following properties from type 'Omit<{ toolPrefix: "PLATES" | "PRINTING CYLINDER" | "ANILOX CYLINDER" | "EMBOSSING CYLINDER" | "FLEXO DIE" | "MAGNETIC CYLINDER"; toolName: string; toolNo?: string | undefined; toolRefCode?: string | undefined; ... 15 more ...; aroundGap?: number | ... 1 more ... | undefined; }, "purchaseRate" | ... 6 more ... | "ar...': toolPrefix, toolName
src/components/forms/tool-master-form.tsx(585,15): error TS2322: Type 'Control<ToolMasterFormValues, any, TFieldValues>' is not assignable to type 'Control<ToolMasterFormValues, any, ToolMasterFormValues>'.
  The types of '_options.resolver' are incompatible between these types.
    Type 'Resolver<ToolMasterFormValues, any, TFieldValues> | undefined' is not assignable to type 'Resolver<ToolMasterFormValues, any, ToolMasterFormValues> | undefined'.
      Type 'Resolver<ToolMasterFormValues, any, TFieldValues>' is not assignable to type 'Resolver<ToolMasterFormValues, any, ToolMasterFormValues>'.
        Type 'ResolverResult<ToolMasterFormValues, TFieldValues> | Promise<ResolverResult<ToolMasterFormValues, TFieldValues>>' is not assignable to type 'ResolverResult<ToolMasterFormValues, ToolMasterFormValues> | Promise<ResolverResult<ToolMasterFormValues, ToolMasterFormValues>>'.
          Type 'ResolverSuccess<TFieldValues>' is not assignable to type 'ResolverResult<ToolMasterFormValues, ToolMasterFormValues> | Promise<ResolverResult<ToolMasterFormValues, ToolMasterFormValues>>'.
            Type 'ResolverSuccess<TFieldValues>' is not assignable to type 'ResolverSuccess<ToolMasterFormValues>'.
              Type 'TFieldValues' is not assignable to type 'ToolMasterFormValues'.
                Type 'FieldValues' is not assignable to type 'ToolMasterFormValues'.
                  Type 'FieldValues' is missing the following properties from type 'Omit<{ toolPrefix: "PLATES" | "PRINTING CYLINDER" | "ANILOX CYLINDER" | "EMBOSSING CYLINDER" | "FLEXO DIE" | "MAGNETIC CYLINDER"; toolName: string; toolNo?: string | undefined; toolRefCode?: string | undefined; ... 15 more ...; aroundGap?: number | ... 1 more ... | undefined; }, "purchaseRate" | ... 6 more ... | "ar...': toolPrefix, toolName
                    Type 'TFieldValues' is not assignable to type 'Omit<{ toolPrefix: "PLATES" | "PRINTING CYLINDER" | "ANILOX CYLINDER" | "EMBOSSING CYLINDER" | "FLEXO DIE" | "MAGNETIC CYLINDER"; toolName: string; toolNo?: string | undefined; toolRefCode?: string | undefined; ... 15 more ...; aroundGap?: number | ... 1 more ... | undefined; }, "purchaseRate" | ... 6 more ... | "ar...'.
                      Type 'FieldValues' is missing the following properties from type 'Omit<{ toolPrefix: "PLATES" | "PRINTING CYLINDER" | "ANILOX CYLINDER" | "EMBOSSING CYLINDER" | "FLEXO DIE" | "MAGNETIC CYLINDER"; toolName: string; toolNo?: string | undefined; toolRefCode?: string | undefined; ... 15 more ...; aroundGap?: number | ... 1 more ... | undefined; }, "purchaseRate" | ... 6 more ... | "ar...': toolPrefix, toolName
src/components/forms/tool-master-form.tsx(606,15): error TS2322: Type 'Control<ToolMasterFormValues, any, TFieldValues>' is not assignable to type 'Control<ToolMasterFormValues, any, ToolMasterFormValues>'.
  The types of '_options.resolver' are incompatible between these types.
    Type 'Resolver<ToolMasterFormValues, any, TFieldValues> | undefined' is not assignable to type 'Resolver<ToolMasterFormValues, any, ToolMasterFormValues> | undefined'.
      Type 'Resolver<ToolMasterFormValues, any, TFieldValues>' is not assignable to type 'Resolver<ToolMasterFormValues, any, ToolMasterFormValues>'.
        Type 'ResolverResult<ToolMasterFormValues, TFieldValues> | Promise<ResolverResult<ToolMasterFormValues, TFieldValues>>' is not assignable to type 'ResolverResult<ToolMasterFormValues, ToolMasterFormValues> | Promise<ResolverResult<ToolMasterFormValues, ToolMasterFormValues>>'.
          Type 'ResolverSuccess<TFieldValues>' is not assignable to type 'ResolverResult<ToolMasterFormValues, ToolMasterFormValues> | Promise<ResolverResult<ToolMasterFormValues, ToolMasterFormValues>>'.
            Type 'ResolverSuccess<TFieldValues>' is not assignable to type 'ResolverSuccess<ToolMasterFormValues>'.
              Type 'TFieldValues' is not assignable to type 'ToolMasterFormValues'.
                Type 'FieldValues' is not assignable to type 'ToolMasterFormValues'.
                  Type 'FieldValues' is missing the following properties from type 'Omit<{ toolPrefix: "PLATES" | "PRINTING CYLINDER" | "ANILOX CYLINDER" | "EMBOSSING CYLINDER" | "FLEXO DIE" | "MAGNETIC CYLINDER"; toolName: string; toolNo?: string | undefined; toolRefCode?: string | undefined; ... 15 more ...; aroundGap?: number | ... 1 more ... | undefined; }, "purchaseRate" | ... 6 more ... | "ar...': toolPrefix, toolName
                    Type 'TFieldValues' is not assignable to type 'Omit<{ toolPrefix: "PLATES" | "PRINTING CYLINDER" | "ANILOX CYLINDER" | "EMBOSSING CYLINDER" | "FLEXO DIE" | "MAGNETIC CYLINDER"; toolName: string; toolNo?: string | undefined; toolRefCode?: string | undefined; ... 15 more ...; aroundGap?: number | ... 1 more ... | undefined; }, "purchaseRate" | ... 6 more ... | "ar...'.
                      Type 'FieldValues' is missing the following properties from type 'Omit<{ toolPrefix: "PLATES" | "PRINTING CYLINDER" | "ANILOX CYLINDER" | "EMBOSSING CYLINDER" | "FLEXO DIE" | "MAGNETIC CYLINDER"; toolName: string; toolNo?: string | undefined; toolRefCode?: string | undefined; ... 15 more ...; aroundGap?: number | ... 1 more ... | undefined; }, "purchaseRate" | ... 6 more ... | "ar...': toolPrefix, toolName
src/components/forms/tool-master-form.tsx(629,13): error TS2322: Type 'Control<ToolMasterFormValues, any, TFieldValues>' is not assignable to type 'Control<ToolMasterFormValues, any, ToolMasterFormValues>'.
  The types of '_options.resolver' are incompatible between these types.
    Type 'Resolver<ToolMasterFormValues, any, TFieldValues> | undefined' is not assignable to type 'Resolver<ToolMasterFormValues, any, ToolMasterFormValues> | undefined'.
      Type 'Resolver<ToolMasterFormValues, any, TFieldValues>' is not assignable to type 'Resolver<ToolMasterFormValues, any, ToolMasterFormValues>'.
        Type 'ResolverResult<ToolMasterFormValues, TFieldValues> | Promise<ResolverResult<ToolMasterFormValues, TFieldValues>>' is not assignable to type 'ResolverResult<ToolMasterFormValues, ToolMasterFormValues> | Promise<ResolverResult<ToolMasterFormValues, ToolMasterFormValues>>'.
          Type 'ResolverSuccess<TFieldValues>' is not assignable to type 'ResolverResult<ToolMasterFormValues, ToolMasterFormValues> | Promise<ResolverResult<ToolMasterFormValues, ToolMasterFormValues>>'.
            Type 'ResolverSuccess<TFieldValues>' is not assignable to type 'ResolverSuccess<ToolMasterFormValues>'.
              Type 'TFieldValues' is not assignable to type 'ToolMasterFormValues'.
                Type 'FieldValues' is not assignable to type 'ToolMasterFormValues'.
                  Type 'FieldValues' is missing the following properties from type 'Omit<{ toolPrefix: "PLATES" | "PRINTING CYLINDER" | "ANILOX CYLINDER" | "EMBOSSING CYLINDER" | "FLEXO DIE" | "MAGNETIC CYLINDER"; toolName: string; toolNo?: string | undefined; toolRefCode?: string | undefined; ... 15 more ...; aroundGap?: number | ... 1 more ... | undefined; }, "purchaseRate" | ... 6 more ... | "ar...': toolPrefix, toolName
                    Type 'TFieldValues' is not assignable to type 'Omit<{ toolPrefix: "PLATES" | "PRINTING CYLINDER" | "ANILOX CYLINDER" | "EMBOSSING CYLINDER" | "FLEXO DIE" | "MAGNETIC CYLINDER"; toolName: string; toolNo?: string | undefined; toolRefCode?: string | undefined; ... 15 more ...; aroundGap?: number | ... 1 more ... | undefined; }, "purchaseRate" | ... 6 more ... | "ar...'.
                      Type 'FieldValues' is missing the following properties from type 'Omit<{ toolPrefix: "PLATES" | "PRINTING CYLINDER" | "ANILOX CYLINDER" | "EMBOSSING CYLINDER" | "FLEXO DIE" | "MAGNETIC CYLINDER"; toolName: string; toolNo?: string | undefined; toolRefCode?: string | undefined; ... 15 more ...; aroundGap?: number | ... 1 more ... | undefined; }, "purchaseRate" | ... 6 more ... | "ar...': toolPrefix, toolName
src/types/tool-master.ts(31,3): error TS2300: Duplicate identifier 'purchaseUnit'.
src/types/tool-master.ts(32,3): error TS2300: Duplicate identifier 'purchaseRate'.
src/types/tool-master.ts(33,3): error TS2300: Duplicate identifier 'purchaseUnit'.
src/types/tool-master.ts(34,3): error TS2300: Duplicate identifier 'purchaseRate'.
